Archive member included to satisfy reference by file (symbol)

c:/st/stm32cubeide_1.10.1/stm32cubeide/plugins/com.st.stm32cube.ide.mcu.externaltools.gnu-tools-for-stm32.10.3-2021.10.win32_1.0.200.202301161003/tools/bin/../lib/gcc/arm-none-eabi/10.3.1/../../../../arm-none-eabi/lib/thumb/v7-m/nofp\libc_nano.a(lib_a-errno.o)
                              ./Core/Src/syscalls.o (__errno)
c:/st/stm32cubeide_1.10.1/stm32cubeide/plugins/com.st.stm32cube.ide.mcu.externaltools.gnu-tools-for-stm32.10.3-2021.10.win32_1.0.200.202301161003/tools/bin/../lib/gcc/arm-none-eabi/10.3.1/../../../../arm-none-eabi/lib/thumb/v7-m/nofp\libc_nano.a(lib_a-exit.o)
                              c:/st/stm32cubeide_1.10.1/stm32cubeide/plugins/com.st.stm32cube.ide.mcu.externaltools.gnu-tools-for-stm32.10.3-2021.10.win32_1.0.200.202301161003/tools/bin/../lib/gcc/arm-none-eabi/10.3.1/../../../../arm-none-eabi/lib/thumb/v7-m/nofp/crt0.o (exit)
c:/st/stm32cubeide_1.10.1/stm32cubeide/plugins/com.st.stm32cube.ide.mcu.externaltools.gnu-tools-for-stm32.10.3-2021.10.win32_1.0.200.202301161003/tools/bin/../lib/gcc/arm-none-eabi/10.3.1/../../../../arm-none-eabi/lib/thumb/v7-m/nofp\libc_nano.a(lib_a-impure.o)
                              c:/st/stm32cubeide_1.10.1/stm32cubeide/plugins/com.st.stm32cube.ide.mcu.externaltools.gnu-tools-for-stm32.10.3-2021.10.win32_1.0.200.202301161003/tools/bin/../lib/gcc/arm-none-eabi/10.3.1/../../../../arm-none-eabi/lib/thumb/v7-m/nofp\libc_nano.a(lib_a-exit.o) (_global_impure_ptr)
c:/st/stm32cubeide_1.10.1/stm32cubeide/plugins/com.st.stm32cube.ide.mcu.externaltools.gnu-tools-for-stm32.10.3-2021.10.win32_1.0.200.202301161003/tools/bin/../lib/gcc/arm-none-eabi/10.3.1/../../../../arm-none-eabi/lib/thumb/v7-m/nofp\libc_nano.a(lib_a-init.o)
                              c:/st/stm32cubeide_1.10.1/stm32cubeide/plugins/com.st.stm32cube.ide.mcu.externaltools.gnu-tools-for-stm32.10.3-2021.10.win32_1.0.200.202301161003/tools/bin/../lib/gcc/arm-none-eabi/10.3.1/../../../../arm-none-eabi/lib/thumb/v7-m/nofp/crt0.o (__libc_init_array)
c:/st/stm32cubeide_1.10.1/stm32cubeide/plugins/com.st.stm32cube.ide.mcu.externaltools.gnu-tools-for-stm32.10.3-2021.10.win32_1.0.200.202301161003/tools/bin/../lib/gcc/arm-none-eabi/10.3.1/../../../../arm-none-eabi/lib/thumb/v7-m/nofp\libc_nano.a(lib_a-memset.o)
                              c:/st/stm32cubeide_1.10.1/stm32cubeide/plugins/com.st.stm32cube.ide.mcu.externaltools.gnu-tools-for-stm32.10.3-2021.10.win32_1.0.200.202301161003/tools/bin/../lib/gcc/arm-none-eabi/10.3.1/../../../../arm-none-eabi/lib/thumb/v7-m/nofp/crt0.o (memset)
c:/st/stm32cubeide_1.10.1/stm32cubeide/plugins/com.st.stm32cube.ide.mcu.externaltools.gnu-tools-for-stm32.10.3-2021.10.win32_1.0.200.202301161003/tools/bin/../lib/gcc/arm-none-eabi/10.3.1/../../../../arm-none-eabi/lib/thumb/v7-m/nofp\libc_nano.a(lib_a-printf.o)
                              ./Core/Src/main.o (printf)
c:/st/stm32cubeide_1.10.1/stm32cubeide/plugins/com.st.stm32cube.ide.mcu.externaltools.gnu-tools-for-stm32.10.3-2021.10.win32_1.0.200.202301161003/tools/bin/../lib/gcc/arm-none-eabi/10.3.1/../../../../arm-none-eabi/lib/thumb/v7-m/nofp\libc_nano.a(lib_a-puts.o)
                              ./Core/Src/main.o (puts)
c:/st/stm32cubeide_1.10.1/stm32cubeide/plugins/com.st.stm32cube.ide.mcu.externaltools.gnu-tools-for-stm32.10.3-2021.10.win32_1.0.200.202301161003/tools/bin/../lib/gcc/arm-none-eabi/10.3.1/../../../../arm-none-eabi/lib/thumb/v7-m/nofp\libc_nano.a(lib_a-setbuf.o)
                              ./Core/Src/main.o (setbuf)
c:/st/stm32cubeide_1.10.1/stm32cubeide/plugins/com.st.stm32cube.ide.mcu.externaltools.gnu-tools-for-stm32.10.3-2021.10.win32_1.0.200.202301161003/tools/bin/../lib/gcc/arm-none-eabi/10.3.1/../../../../arm-none-eabi/lib/thumb/v7-m/nofp\libc_nano.a(lib_a-setvbuf.o)
                              c:/st/stm32cubeide_1.10.1/stm32cubeide/plugins/com.st.stm32cube.ide.mcu.externaltools.gnu-tools-for-stm32.10.3-2021.10.win32_1.0.200.202301161003/tools/bin/../lib/gcc/arm-none-eabi/10.3.1/../../../../arm-none-eabi/lib/thumb/v7-m/nofp\libc_nano.a(lib_a-setbuf.o) (setvbuf)
c:/st/stm32cubeide_1.10.1/stm32cubeide/plugins/com.st.stm32cube.ide.mcu.externaltools.gnu-tools-for-stm32.10.3-2021.10.win32_1.0.200.202301161003/tools/bin/../lib/gcc/arm-none-eabi/10.3.1/../../../../arm-none-eabi/lib/thumb/v7-m/nofp\libc_nano.a(lib_a-strchr.o)
                              ./Core/W5500/dns.o (strchr)
c:/st/stm32cubeide_1.10.1/stm32cubeide/plugins/com.st.stm32cube.ide.mcu.externaltools.gnu-tools-for-stm32.10.3-2021.10.win32_1.0.200.202301161003/tools/bin/../lib/gcc/arm-none-eabi/10.3.1/../../../../arm-none-eabi/lib/thumb/v7-m/nofp\libc_nano.a(lib_a-strcpy.o)
                              ./Core/W5500/dns.o (strcpy)
[...]
Memory Configuration

Name             Origin             Length             Attributes
RAM              0x0000000020000000 0x0000000000002800 xrw
FLASH            0x0000000008000000 0x0000000000008000 xr
*default*        0x0000000000000000 0xffffffffffffffff

Linker script and memory map

LOAD c:/st/stm32cubeide_1.10.1/stm32cubeide/plugins/com.st.stm32cube.ide.mcu.externaltools.gnu-tools-for-stm32.10.3-2021.10.win32_1.0.200.202301161003/tools/bin/../lib/gcc/arm-none-eabi/10.3.1/thumb/v7-m/nofp/crti.o
LOAD c:/st/stm32cubeide_1.10.1/stm32cubeide/plugins/com.st.stm32cube.ide.mcu.externaltools.gnu-tools-for-stm32.10.3-2021.10.win32_1.0.200.202301161003/tools/bin/../lib/gcc/arm-none-eabi/10.3.1/thumb/v7-m/nofp/crtbegin.o
LOAD c:/st/stm32cubeide_1.10.1/stm32cubeide/plugins/com.st.stm32cube.ide.mcu.externaltools.gnu-tools-for-stm32.10.3-2021.10.win32_1.0.200.202301161003/tools/bin/../lib/gcc/arm-none-eabi/10.3.1/../../../../arm-none-eabi/lib/thumb/v7-m/nofp/crt0.o
LOAD ./Core/Src/main.o
LOAD ./Core/Src/stm32f1xx_hal_msp.o
LOAD ./Core/Src/stm32f1xx_it.o
LOAD ./Core/Src/syscalls.o
LOAD ./Core/Src/sysmem.o
LOAD ./Core/Src/system_stm32f1xx.o
LOAD ./Core/Startup/startup_stm32f103c6tx.o
LOAD ./Core/W5500/W5500/w5500.o
LOAD ./Core/W5500/W5500_SPI.o
LOAD ./Core/W5500/dhcp.o
LOAD ./Core/W5500/dns.o
LOAD ./Core/W5500/sntp.o
LOAD ./Core/W5500/socket.o
LOAD ./Core/W5500/wizchip_conf.o
LOAD ./Drivers/STM32F1xx_HAL_Driver/Src/stm32f1xx_hal.o
LOAD ./Drivers/STM32F1xx_HAL_Driver/Src/stm32f1xx_hal_cortex.o
LOAD ./Drivers/STM32F1xx_HAL_Driver/Src/stm32f1xx_hal_dma.o
LOAD ./Drivers/STM32F1xx_HAL_Driver/Src/stm32f1xx_hal_exti.o
LOAD ./Drivers/STM32F1xx_HAL_Driver/Src/stm32f1xx_hal_flash.o
LOAD ./Drivers/STM32F1xx_HAL_Driver/Src/stm32f1xx_hal_flash_ex.o
LOAD ./Drivers/STM32F1xx_HAL_Driver/Src/stm32f1xx_hal_gpio.o
LOAD ./Drivers/STM32F1xx_HAL_Driver/Src/stm32f1xx_hal_gpio_ex.o
LOAD ./Drivers/STM32F1xx_HAL_Driver/Src/stm32f1xx_hal_pwr.o
LOAD ./Drivers/STM32F1xx_HAL_Driver/Src/stm32f1xx_hal_rcc.o
LOAD ./Drivers/STM32F1xx_HAL_Driver/Src/stm32f1xx_hal_rcc_ex.o
LOAD ./Drivers/STM32F1xx_HAL_Driver/Src/stm32f1xx_hal_spi.o
LOAD ./Drivers/STM32F1xx_HAL_Driver/Src/stm32f1xx_hal_tim.o
LOAD ./Drivers/STM32F1xx_HAL_Driver/Src/stm32f1xx_hal_tim_ex.o
LOAD ./Drivers/STM32F1xx_HAL_Driver/Src/stm32f1xx_hal_uart.o
START GROUP
LOAD c:/st/stm32cubeide_1.10.1/stm32cubeide/plugins/com.st.stm32cube.ide.mcu.externaltools.gnu-tools-for-stm32.10.3-2021.10.win32_1.0.200.202301161003/tools/bin/../lib/gcc/arm-none-eabi/10.3.1/../../../../arm-none-eabi/lib/thumb/v7-m/nofp\libc_nano.a
LOAD c:/st/stm32cubeide_1.10.1/stm32cubeide/plugins/com.st.stm32cube.ide.mcu.externaltools.gnu-tools-for-stm32.10.3-2021.10.win32_1.0.200.202301161003/tools/bin/../lib/gcc/arm-none-eabi/10.3.1/../../../../arm-none-eabi/lib/thumb/v7-m/nofp\libm.a
END GROUP
START GROUP
LOAD c:/st/stm32cubeide_1.10.1/stm32cubeide/plugins/com.st.stm32cube.ide.mcu.externaltools.gnu-tools-for-stm32.10.3-2021.10.win32_1.0.200.202301161003/tools/bin/../lib/gcc/arm-none-eabi/10.3.1/thumb/v7-m/nofp\libgcc.a
LOAD c:/st/stm32cubeide_1.10.1/stm32cubeide/plugins/com.st.stm32cube.ide.mcu.externaltools.gnu-tools-for-stm32.10.3-2021.10.win32_1.0.200.202301161003/tools/bin/../lib/gcc/arm-none-eabi/10.3.1/../../../../arm-none-eabi/lib/thumb/v7-m/nofp\libc_nano.a
END GROUP
START GROUP
LOAD c:/st/stm32cubeide_1.10.1/stm32cubeide/plugins/com.st.stm32cube.ide.mcu.externaltools.gnu-tools-for-stm32.10.3-2021.10.win32_1.0.200.202301161003/tools/bin/../lib/gcc/arm-none-eabi/10.3.1/thumb/v7-m/nofp\libgcc.a
LOAD c:/st/stm32cubeide_1.10.1/stm32cubeide/plugins/com.st.stm32cube.ide.mcu.externaltools.gnu-tools-for-stm32.10.3-2021.10.win32_1.0.200.202301161003/tools/bin/../lib/gcc/arm-none-eabi/10.3.1/../../../../arm-none-eabi/lib/thumb/v7-m/nofp\libc_nano.a
LOAD c:/st/stm32cubeide_1.10.1/stm32cubeide/plugins/com.st.stm32cube.ide.mcu.externaltools.gnu-tools-for-stm32.10.3-2021.10.win32_1.0.200.202301161003/tools/bin/../lib/gcc/arm-none-eabi/10.3.1/../../../../arm-none-eabi/lib/thumb/v7-m/nofp\libnosys.a
END GROUP
START GROUP
LOAD c:/st/stm32cubeide_1.10.1/stm32cubeide/plugins/com.st.stm32cube.ide.mcu.externaltools.gnu-tools-for-stm32.10.3-2021.10.win32_1.0.200.202301161003/tools/bin/../lib/gcc/arm-none-eabi/10.3.1/thumb/v7-m/nofp\libgcc.a
LOAD c:/st/stm32cubeide_1.10.1/stm32cubeide/plugins/com.st.stm32cube.ide.mcu.externaltools.gnu-tools-for-stm32.10.3-2021.10.win32_1.0.200.202301161003/tools/bin/../lib/gcc/arm-none-eabi/10.3.1/../../../../arm-none-eabi/lib/thumb/v7-m/nofp\libc_nano.a
LOAD c:/st/stm32cubeide_1.10.1/stm32cubeide/plugins/com.st.stm32cube.ide.mcu.externaltools.gnu-tools-for-stm32.10.3-2021.10.win32_1.0.200.202301161003/tools/bin/../lib/gcc/arm-none-eabi/10.3.1/../../../../arm-none-eabi/lib/thumb/v7-m/nofp\libnosys.a
END GROUP
LOAD c:/st/stm32cubeide_1.10.1/stm32cubeide/plugins/com.st.stm32cube.ide.mcu.externaltools.gnu-tools-for-stm32.10.3-2021.10.win32_1.0.200.202301161003/tools/bin/../lib/gcc/arm-none-eabi/10.3.1/thumb/v7-m/nofp/crtend.o
LOAD c:/st/stm32cubeide_1.10.1/stm32cubeide/plugins/com.st.stm32cube.ide.mcu.externaltools.gnu-tools-for-stm32.10.3-2021.10.win32_1.0.200.202301161003/tools/bin/../lib/gcc/arm-none-eabi/10.3.1/thumb/v7-m/nofp/crtn.o
                0x0000000020002800                _estack = (ORIGIN (RAM) + LENGTH (RAM))
                0x0000000000000200                _Min_Heap_Size = 0x200
                0x0000000000000400                _Min_Stack_Size = 0x400

.isr_vector     0x0000000008000000      0x10c
                0x0000000008000000                . = ALIGN (0x4)
 *(.isr_vector)
 .isr_vector    0x0000000008000000      0x10c ./Core/Startup/startup_stm32f103c6tx.o
                0x0000000008000000                g_pfnVectors
                0x000000000800010c                . = ALIGN (0x4)

.text           0x000000000800010c     0x4c18
                0x000000000800010c                . = ALIGN (0x4)
 *(.text)
 .text          0x000000000800010c       0x40 c:/st/stm32cubeide_1.10.1/stm32cubeide/plugins/com.st.stm32cube.ide.mcu.externaltools.gnu-tools-for-stm32.10.3-2021.10.win32_1.0.200.202301161003/tools/bin/../lib/gcc/arm-none-eabi/10.3.1/thumb/v7-m/nofp/crtbegin.o
 .text          0x000000000800014c       0x10 c:/st/stm32cubeide_1.10.1/stm32cubeide/plugins/com.st.stm32cube.ide.mcu.externaltools.gnu-tools-for-stm32.10.3-2021.10.win32_1.0.200.202301161003/tools/bin/../lib/gcc/arm-none-eabi/10.3.1/../../../../arm-none-eabi/lib/thumb/v7-m/nofp\libc_nano.a(lib_a-strlen.o)
                0x000000000800014c                strlen
 .text          0x000000000800015c       0x30 c:/st/stm32cubeide_1.10.1/stm32cubeide/plugins/com.st.stm32cube.ide.mcu.externaltools.gnu-tools-for-stm32.10.3-2021.10.win32_1.0.200.202301161003/tools/bin/../lib/gcc/arm-none-eabi/10.3.1/thumb/v7-m/nofp\libgcc.a(_aeabi_uldivmod.o)
                0x000000000800015c                __aeabi_uldivmod
 .text          0x000000000800018c      0x2d4 c:/st/stm32cubeide_1.10.1/stm32cubeide/plugins/com.st.stm32cube.ide.mcu.externaltools.gnu-tools-for-stm32.10.3-2021.10.win32_1.0.200.202301161003/tools/bin/../lib/gcc/arm-none-eabi/10.3.1/thumb/v7-m/nofp\libgcc.a(_udivmoddi4.o)
                0x000000000800018c                __udivmoddi4
 .text          0x0000000008000460        0x4 c:/st/stm32cubeide_1.10.1/stm32cubeide/plugins/com.st.stm32cube.ide.mcu.externaltools.gnu-tools-for-stm32.10.3-2021.10.win32_1.0.200.202301161003/tools/bin/../lib/gcc/arm-none-eabi/10.3.1/thumb/v7-m/nofp\libgcc.a(_dvmd_tls.o)
                0x0000000008000460                __aeabi_idiv0
                0x0000000008000460                __aeabi_ldiv0
 *(.text*)
 .text.my_ip_conflict
                0x0000000008000464       0x10 ./Core/Src/main.o
                0x0000000008000464                my_ip_conflict
 .text.Display_Net_Conf
                0x0000000008000474       0xb4 ./Core/Src/main.o
 .text.my_ip_assign
                0x0000000008000528       0x54 ./Core/Src/main.o
                0x0000000008000528                my_ip_assign
 .text.UWriteData
                0x000000000800057c       0x14 ./Core/Src/main.o
                0x000000000800057c                UWriteData
 .text.__io_putchar
                0x0000000008000590        0xe ./Core/Src/main.o
                0x0000000008000590                __io_putchar
 *fill*         0x000000000800059e        0x2 
 .text.PHYStatusCheck
                0x00000000080005a0       0x48 ./Core/Src/main.o
                0x00000000080005a0                PHYStatusCheck
 .text.PrintPHYConf
                0x00000000080005e8       0x70 ./Core/Src/main.o
                0x00000000080005e8                PrintPHYConf
 .text.SystemClock_Config
                0x0000000008000658       0x5e ./Core/Src/main.o
                0x0000000008000658                SystemClock_Config
 *fill*         0x00000000080006b6        0x2 
 .text.startup.main
                0x00000000080006b8      0x308 ./Core/Src/main.o
                0x00000000080006b8                main
 .text.HAL_MspInit
                0x00000000080009c0       0x44 ./Core/Src/stm32f1xx_hal_msp.o
                0x00000000080009c0                HAL_MspInit
 .text.HAL_SPI_MspInit
                0x0000000008000a04       0x74 ./Core/Src/stm32f1xx_hal_msp.o
                0x0000000008000a04                HAL_SPI_MspInit
 .text.HAL_UART_MspInit
                0x0000000008000a78       0x74 ./Core/Src/stm32f1xx_hal_msp.o
                0x0000000008000a78                HAL_UART_MspInit
 .text.NMI_Handler
                0x0000000008000aec        0x2 ./Core/Src/stm32f1xx_it.o
                0x0000000008000aec                NMI_Handler
 .text.HardFault_Handler
                0x0000000008000aee        0x2 ./Core/Src/stm32f1xx_it.o
                0x0000000008000aee                HardFault_Handler
 .text.MemManage_Handler
                0x0000000008000af0        0x2 ./Core/Src/stm32f1xx_it.o
                0x0000000008000af0                MemManage_Handler
 .text.BusFault_Handler
                0x0000000008000af2        0x2 ./Core/Src/stm32f1xx_it.o
                0x0000000008000af2                BusFault_Handler
 .text.UsageFault_Handler
                0x0000000008000af4        0x2 ./Core/Src/stm32f1xx_it.o
                0x0000000008000af4                UsageFault_Handler
 .text.SVC_Handler
                0x0000000008000af6        0x2 ./Core/Src/stm32f1xx_it.o
                0x0000000008000af6                SVC_Handler
 .text.DebugMon_Handler
                0x0000000008000af8        0x2 ./Core/Src/stm32f1xx_it.o
                0x0000000008000af8                DebugMon_Handler
 .text.PendSV_Handler
                0x0000000008000afa        0x2 ./Core/Src/stm32f1xx_it.o
                0x0000000008000afa                PendSV_Handler
 .text.SysTick_Handler
                0x0000000008000afc       0x30 ./Core/Src/stm32f1xx_it.o
                0x0000000008000afc                SysTick_Handler
 .text._read    0x0000000008000b2c       0x1c ./Core/Src/syscalls.o
                0x0000000008000b2c                _read
 .text._write   0x0000000008000b48       0x1c ./Core/Src/syscalls.o
                0x0000000008000b48                _write
 .text._close   0x0000000008000b64        0x6 ./Core/Src/syscalls.o
                0x0000000008000b64                _close
 .text._fstat   0x0000000008000b6a        0xa ./Core/Src/syscalls.o
                0x0000000008000b6a                _fstat
 .text._isatty  0x0000000008000b74        0x4 ./Core/Src/syscalls.o
                0x0000000008000b74                _isatty
 .text._lseek   0x0000000008000b78        0x4 ./Core/Src/syscalls.o
                0x0000000008000b78                _lseek
 .text._sbrk    0x0000000008000b7c       0x40 ./Core/Src/sysmem.o
                0x0000000008000b7c                _sbrk
 .text.SystemInit
                0x0000000008000bbc        0x2 ./Core/Src/system_stm32f1xx.o
                0x0000000008000bbc                SystemInit
 *fill*         0x0000000008000bbe        0x2 
 .text.Reset_Handler
                0x0000000008000bc0       0x48 ./Core/Startup/startup_stm32f103c6tx.o
                0x0000000008000bc0                Reset_Handler
 .text.Default_Handler
                0x0000000008000c08        0x2 ./Core/Startup/startup_stm32f103c6tx.o
                0x0000000008000c08                RTC_Alarm_IRQHandler
                0x0000000008000c08                EXTI2_IRQHandler
                0x0000000008000c08                TIM1_CC_IRQHandler
                0x0000000008000c08                PVD_IRQHandler
                0x0000000008000c08                EXTI3_IRQHandler
                0x0000000008000c08                EXTI0_IRQHandler
                0x0000000008000c08                ADC1_2_IRQHandler
                0x0000000008000c08                SPI1_IRQHandler
                0x0000000008000c08                TAMPER_IRQHandler
                0x0000000008000c08                DMA1_Channel4_IRQHandler
                0x0000000008000c08                RTC_IRQHandler
                0x0000000008000c08                DMA1_Channel7_IRQHandler
                0x0000000008000c08                CAN1_RX1_IRQHandler
                0x0000000008000c08                I2C1_EV_IRQHandler
                0x0000000008000c08                DMA1_Channel6_IRQHandler
                0x0000000008000c08                TIM3_IRQHandler
                0x0000000008000c08                RCC_IRQHandler
                0x0000000008000c08                TIM1_TRG_COM_IRQHandler
                0x0000000008000c08                DMA1_Channel1_IRQHandler
                0x0000000008000c08                Default_Handler
                0x0000000008000c08                EXTI15_10_IRQHandler
                0x0000000008000c08                EXTI9_5_IRQHandler
                0x0000000008000c08                DMA1_Channel5_IRQHandler
                0x0000000008000c08                EXTI4_IRQHandler
                0x0000000008000c08                USB_LP_CAN1_RX0_IRQHandler
                0x0000000008000c08                USB_HP_CAN1_TX_IRQHandler
                0x0000000008000c08                DMA1_Channel3_IRQHandler
                0x0000000008000c08                TIM1_UP_IRQHandler
                0x0000000008000c08                WWDG_IRQHandler
                0x0000000008000c08                TIM2_IRQHandler
                0x0000000008000c08                TIM1_BRK_IRQHandler
                0x0000000008000c08                EXTI1_IRQHandler
                0x0000000008000c08                USART2_IRQHandler
                0x0000000008000c08                DMA1_Channel2_IRQHandler
                0x0000000008000c08                CAN1_SCE_IRQHandler
                0x0000000008000c08                FLASH_IRQHandler
                0x0000000008000c08                USART1_IRQHandler
                0x0000000008000c08                I2C1_ER_IRQHandler
                0x0000000008000c08                USBWakeUp_IRQHandler
 *fill*         0x0000000008000c0a        0x2 
 .text.WIZCHIP_READ
                0x0000000008000c0c       0x5c ./Core/W5500/W5500/w5500.o
                0x0000000008000c0c                WIZCHIP_READ
 .text.WIZCHIP_WRITE
                0x0000000008000c68       0x64 ./Core/W5500/W5500/w5500.o
                0x0000000008000c68                WIZCHIP_WRITE
 .text.WIZCHIP_READ_BUF
                0x0000000008000ccc       0x74 ./Core/W5500/W5500/w5500.o
                0x0000000008000ccc                WIZCHIP_READ_BUF
 .text.WIZCHIP_WRITE_BUF
                0x0000000008000d40       0x74 ./Core/W5500/W5500/w5500.o
                0x0000000008000d40                WIZCHIP_WRITE_BUF
 .text.getSn_TX_FSR
                0x0000000008000db4       0x42 ./Core/W5500/W5500/w5500.o
                0x0000000008000db4                getSn_TX_FSR
 .text.getSn_RX_RSR
                0x0000000008000df6       0x42 ./Core/W5500/W5500/w5500.o
                0x0000000008000df6                getSn_RX_RSR
 .text.wiz_send_data
                0x0000000008000e38       0x5a ./Core/W5500/W5500/w5500.o
                0x0000000008000e38                wiz_send_data
 .text.wiz_recv_data
                0x0000000008000e92       0x5a ./Core/W5500/W5500/w5500.o
                0x0000000008000e92                wiz_recv_data
 .text.wiz_recv_ignore
                0x0000000008000eec       0x3c ./Core/W5500/W5500/w5500.o
                0x0000000008000eec                wiz_recv_ignore
 .text.wizchip_select
                0x0000000008000f28       0x10 ./Core/W5500/W5500_SPI.o
                0x0000000008000f28                wizchip_select
 .text.wizchip_deselect
                0x0000000008000f38       0x10 ./Core/W5500/W5500_SPI.o
                0x0000000008000f38                wizchip_deselect
 .text.SPIReadWrite
                0x0000000008000f48       0x1c ./Core/W5500/W5500_SPI.o
                0x0000000008000f48                SPIReadWrite
 .text.wizchip_read
                0x0000000008000f64        0x6 ./Core/W5500/W5500_SPI.o
                0x0000000008000f64                wizchip_read
 .text.wizchip_write
                0x0000000008000f6a        0x4 ./Core/W5500/W5500_SPI.o
                0x0000000008000f6a                wizchip_write
 .text.wizchip_readburst
                0x0000000008000f6e       0x18 ./Core/W5500/W5500_SPI.o
                0x0000000008000f6e                wizchip_readburst
 .text.wizchip_writeburst
                0x0000000008000f86       0x16 ./Core/W5500/W5500_SPI.o
                0x0000000008000f86                wizchip_writeburst
 .text.W5500IOInit
                0x0000000008000f9c       0x3c ./Core/W5500/W5500_SPI.o
                0x0000000008000f9c                W5500IOInit
 .text.W5500Init
                0x0000000008000fd8       0x9c ./Core/W5500/W5500_SPI.o
                0x0000000008000fd8                W5500Init
 .text.default_ip_assign
                0x0000000008001074       0x38 ./Core/W5500/dhcp.o
                0x0000000008001074                default_ip_assign
 .text.default_ip_update
                0x00000000080010ac       0x28 ./Core/W5500/dhcp.o
                0x00000000080010ac                default_ip_update
 .text.default_ip_conflict
                0x00000000080010d4       0x24 ./Core/W5500/dhcp.o
                0x00000000080010d4                default_ip_conflict
 .text.reg_dhcp_cbfunc
                0x00000000080010f8       0x40 ./Core/W5500/dhcp.o
                0x00000000080010f8                reg_dhcp_cbfunc
 .text.makeDHCPMSG
                0x0000000008001138       0x98 ./Core/W5500/dhcp.o
                0x0000000008001138                makeDHCPMSG
 .text.send_DHCP_DECLINE
                0x00000000080011d0       0xe8 ./Core/W5500/dhcp.o
                0x00000000080011d0                send_DHCP_DECLINE
 .text.parseDHCPMSG
                0x00000000080012b8      0x254 ./Core/W5500/dhcp.o
                0x00000000080012b8                parseDHCPMSG
 .text.DHCP_stop
                0x000000000800150c       0x1c ./Core/W5500/dhcp.o
                0x000000000800150c                DHCP_stop
 .text.check_DHCP_leasedIP
                0x0000000008001528       0x70 ./Core/W5500/dhcp.o
                0x0000000008001528                check_DHCP_leasedIP
 .text.reset_DHCP_timeout
                0x0000000008001598       0x20 ./Core/W5500/dhcp.o
                0x0000000008001598                reset_DHCP_timeout
 .text.DHCP_init
                0x00000000080015b8       0xb0 ./Core/W5500/dhcp.o
                0x00000000080015b8                DHCP_init
 .text.DHCP_time_handler
                0x0000000008001668       0x10 ./Core/W5500/dhcp.o
                0x0000000008001668                DHCP_time_handler
 .text.getIPfromDHCP
                0x0000000008001678       0x18 ./Core/W5500/dhcp.o
                0x0000000008001678                getIPfromDHCP
 .text.getGWfromDHCP
                0x0000000008001690       0x18 ./Core/W5500/dhcp.o
                0x0000000008001690                getGWfromDHCP
 .text.getSNfromDHCP
                0x00000000080016a8       0x18 ./Core/W5500/dhcp.o
                0x00000000080016a8                getSNfromDHCP
 .text.getDNSfromDHCP
                0x00000000080016c0       0x18 ./Core/W5500/dhcp.o
                0x00000000080016c0                getDNSfromDHCP
 .text.getDHCPLeasetime
                0x00000000080016d8        0xc ./Core/W5500/dhcp.o
                0x00000000080016d8                getDHCPLeasetime
 .text.NibbleToHex
                0x00000000080016e4        0xe ./Core/W5500/dhcp.o
                0x00000000080016e4                NibbleToHex
 *fill*         0x00000000080016f2        0x2 
 .text.send_DHCP_DISCOVER
                0x00000000080016f4      0x1d4 ./Core/W5500/dhcp.o
                0x00000000080016f4                send_DHCP_DISCOVER
 .text.send_DHCP_REQUEST
                0x00000000080018c8      0x278 ./Core/W5500/dhcp.o
                0x00000000080018c8                send_DHCP_REQUEST
 .text.check_DHCP_timeout
                0x0000000008001b40       0x80 ./Core/W5500/dhcp.o
                0x0000000008001b40                check_DHCP_timeout
 .text.DHCP_run
                0x0000000008001bc0      0x1c0 ./Core/W5500/dhcp.o
                0x0000000008001bc0                DHCP_run
 .text.parse_name
                0x0000000008001d80       0xa4 ./Core/W5500/dns.o
                0x0000000008001d80                parse_name
 .text.dns_question
                0x0000000008001e24       0x1c ./Core/W5500/dns.o
                0x0000000008001e24                dns_question
 .text.dns_answer
                0x0000000008001e40       0xe0 ./Core/W5500/dns.o
                0x0000000008001e40                dns_answer
 .text.parseDNSMSG
                0x0000000008001f20       0xcc ./Core/W5500/dns.o
                0x0000000008001f20                parseDNSMSG
 .text.dns_makequery
                0x0000000008001fec       0xa8 ./Core/W5500/dns.o
                0x0000000008001fec                dns_makequery
 .text.check_DNS_timeout
                0x0000000008002094       0x2c ./Core/W5500/dns.o
                0x0000000008002094                check_DNS_timeout
 .text.DNS_init
                0x00000000080020c0       0x20 ./Core/W5500/dns.o
                0x00000000080020c0                DNS_init
 .text.DNS_run  0x00000000080020e0       0xac ./Core/W5500/dns.o
                0x00000000080020e0                DNS_run
 .text.DNS_time_handler
                0x000000000800218c       0x10 ./Core/W5500/dns.o
                0x000000000800218c                DNS_time_handler
 .text.SNTP_init
                0x000000000800219c       0x68 ./Core/W5500/sntp.o
                0x000000000800219c                SNTP_init
 .text.calcdatetime
                0x0000000008002204      0x1bc ./Core/W5500/sntp.o
                0x0000000008002204                calcdatetime
 .text.get_seconds_from_ntp_server
                0x00000000080023c0      0x170 ./Core/W5500/sntp.o
                0x00000000080023c0                get_seconds_from_ntp_server
 .text.SNTP_run
                0x0000000008002530       0xf4 ./Core/W5500/sntp.o
                0x0000000008002530                SNTP_run
 .text.close    0x0000000008002624       0x7c ./Core/W5500/socket.o
                0x0000000008002624                close
 .text.socket   0x00000000080026a0      0x124 ./Core/W5500/socket.o
                0x00000000080026a0                socket
 .text.sendto   0x00000000080027c4      0x160 ./Core/W5500/socket.o
                0x00000000080027c4                sendto
 .text.recvfrom
                0x0000000008002924      0x208 ./Core/W5500/socket.o
                0x0000000008002924                recvfrom
 .text.wizchip_cris_enter
                0x0000000008002b2c        0x2 ./Core/W5500/wizchip_conf.o
                0x0000000008002b2c                wizchip_cris_enter
 .text.wizchip_bus_readdata
                0x0000000008002b2e        0x4 ./Core/W5500/wizchip_conf.o
                0x0000000008002b2e                wizchip_bus_readdata
 .text.wizchip_bus_writedata
                0x0000000008002b32        0x4 ./Core/W5500/wizchip_conf.o
                0x0000000008002b32                wizchip_bus_writedata
 .text.wizchip_spi_readbyte
                0x0000000008002b36        0x4 ./Core/W5500/wizchip_conf.o
                0x0000000008002b36                wizchip_spi_readbyte
 .text.wizchip_spi_writebyte
                0x0000000008002b3a        0x2 ./Core/W5500/wizchip_conf.o
                0x0000000008002b3a                wizchip_spi_writebyte
 .text.wizchip_spi_readburst
                0x0000000008002b3c        0x2 ./Core/W5500/wizchip_conf.o
                0x0000000008002b3c                wizchip_spi_readburst
 .text.wizchip_spi_writeburst
                0x0000000008002b3e        0x2 ./Core/W5500/wizchip_conf.o
                0x0000000008002b3e                wizchip_spi_writeburst
 .text.wizchip_cris_exit
                0x0000000008002b40        0x2 ./Core/W5500/wizchip_conf.o
                0x0000000008002b40                wizchip_cris_exit
 .text.wizchip_cs_select
                0x0000000008002b42        0x2 ./Core/W5500/wizchip_conf.o
                0x0000000008002b42                wizchip_cs_select
 .text.wizchip_cs_deselect
                0x0000000008002b44        0x2 ./Core/W5500/wizchip_conf.o
                0x0000000008002b44                wizchip_cs_deselect
 *fill*         0x0000000008002b46        0x2 
 .text.reg_wizchip_cs_cbfunc
                0x0000000008002b48       0x24 ./Core/W5500/wizchip_conf.o
                0x0000000008002b48                reg_wizchip_cs_cbfunc
 .text.reg_wizchip_spi_cbfunc
                0x0000000008002b6c       0x2c ./Core/W5500/wizchip_conf.o
                0x0000000008002b6c                reg_wizchip_spi_cbfunc
 .text.reg_wizchip_spiburst_cbfunc
                0x0000000008002b98       0x2c ./Core/W5500/wizchip_conf.o
                0x0000000008002b98                reg_wizchip_spiburst_cbfunc
 .text.wizchip_sw_reset
                0x0000000008002bc4       0x7a ./Core/W5500/wizchip_conf.o
                0x0000000008002bc4                wizchip_sw_reset
 .text.wizchip_init
                0x0000000008002c3e       0x7a ./Core/W5500/wizchip_conf.o
                0x0000000008002c3e                wizchip_init
 .text.wizchip_clrinterrupt
                0x0000000008002cb8       0x2e ./Core/W5500/wizchip_conf.o
                0x0000000008002cb8                wizchip_clrinterrupt
 .text.wizchip_getinterrupt
                0x0000000008002ce6       0x22 ./Core/W5500/wizchip_conf.o
                0x0000000008002ce6                wizchip_getinterrupt
 .text.wizchip_setinterruptmask
                0x0000000008002d08       0x1c ./Core/W5500/wizchip_conf.o
                0x0000000008002d08                wizchip_setinterruptmask
 .text.wizchip_getinterruptmask
                0x0000000008002d24       0x1c ./Core/W5500/wizchip_conf.o
                0x0000000008002d24                wizchip_getinterruptmask
 .text.wizphy_getphylink
                0x0000000008002d40       0x10 ./Core/W5500/wizchip_conf.o
                0x0000000008002d40                wizphy_getphylink
 .text.wizphy_getphypmode
                0x0000000008002d50       0x18 ./Core/W5500/wizchip_conf.o
                0x0000000008002d50                wizphy_getphypmode
 .text.wizphy_reset
                0x0000000008002d68       0x30 ./Core/W5500/wizchip_conf.o
                0x0000000008002d68                wizphy_reset
 .text.wizphy_setphyconf
                0x0000000008002d98       0x46 ./Core/W5500/wizchip_conf.o
                0x0000000008002d98                wizphy_setphyconf
 .text.wizphy_getphyconf
                0x0000000008002dde       0x6a ./Core/W5500/wizchip_conf.o
                0x0000000008002dde                wizphy_getphyconf
 .text.wizphy_setphypmode
                0x0000000008002e48       0x52 ./Core/W5500/wizchip_conf.o
                0x0000000008002e48                wizphy_setphypmode
 *fill*         0x0000000008002e9a        0x2 
 .text.ctlwizchip
                0x0000000008002e9c       0xe0 ./Core/W5500/wizchip_conf.o
                0x0000000008002e9c                ctlwizchip
 .text.wizchip_setnetinfo
                0x0000000008002f7c       0x5c ./Core/W5500/wizchip_conf.o
                0x0000000008002f7c                wizchip_setnetinfo
 .text.wizchip_getnetinfo
                0x0000000008002fd8       0x5c ./Core/W5500/wizchip_conf.o
                0x0000000008002fd8                wizchip_getnetinfo
 .text.wizchip_setnetmode
                0x0000000008003034       0x26 ./Core/W5500/wizchip_conf.o
                0x0000000008003034                wizchip_setnetmode
 .text.wizchip_getnetmode
                0x000000000800305a        0x6 ./Core/W5500/wizchip_conf.o
                0x000000000800305a                wizchip_getnetmode
 .text.wizchip_settimeout
                0x0000000008003060       0x28 ./Core/W5500/wizchip_conf.o
                0x0000000008003060                wizchip_settimeout
 .text.wizchip_gettimeout
                0x0000000008003088       0x28 ./Core/W5500/wizchip_conf.o
                0x0000000008003088                wizchip_gettimeout
 .text.ctlnetwork
                0x00000000080030b0       0x4c ./Core/W5500/wizchip_conf.o
                0x00000000080030b0                ctlnetwork
 .text.HAL_InitTick
                0x00000000080030fc       0x48 ./Drivers/STM32F1xx_HAL_Driver/Src/stm32f1xx_hal.o
                0x00000000080030fc                HAL_InitTick
 .text.HAL_Init
                0x0000000008003144       0x24 ./Drivers/STM32F1xx_HAL_Driver/Src/stm32f1xx_hal.o
                0x0000000008003144                HAL_Init
 .text.HAL_IncTick
                0x0000000008003168       0x18 ./Drivers/STM32F1xx_HAL_Driver/Src/stm32f1xx_hal.o
                0x0000000008003168                HAL_IncTick
 .text.HAL_GetTick
                0x0000000008003180        0xc ./Drivers/STM32F1xx_HAL_Driver/Src/stm32f1xx_hal.o
                0x0000000008003180                HAL_GetTick
 .text.HAL_Delay
                0x000000000800318c       0x24 ./Drivers/STM32F1xx_HAL_Driver/Src/stm32f1xx_hal.o
                0x000000000800318c                HAL_Delay
 .text.HAL_NVIC_SetPriorityGrouping
                0x00000000080031b0       0x24 ./Drivers/STM32F1xx_HAL_Driver/Src/stm32f1xx_hal_cortex.o
                0x00000000080031b0                HAL_NVIC_SetPriorityGrouping
 .text.HAL_NVIC_SetPriority
                0x00000000080031d4       0x64 ./Drivers/STM32F1xx_HAL_Driver/Src/stm32f1xx_hal_cortex.o
                0x00000000080031d4                HAL_NVIC_SetPriority
 .text.HAL_SYSTICK_Config
                0x0000000008003238       0x28 ./Drivers/STM32F1xx_HAL_Driver/Src/stm32f1xx_hal_cortex.o
                0x0000000008003238                HAL_SYSTICK_Config
 .text.HAL_GPIO_Init
                0x0000000008003260      0x1ac ./Drivers/STM32F1xx_HAL_Driver/Src/stm32f1xx_hal_gpio.o
                0x0000000008003260                HAL_GPIO_Init
 .text.HAL_GPIO_WritePin
                0x000000000800340c        0xa ./Drivers/STM32F1xx_HAL_Driver/Src/stm32f1xx_hal_gpio.o
                0x000000000800340c                HAL_GPIO_WritePin
 *fill*         0x0000000008003416        0x2 
 .text.HAL_RCC_OscConfig
                0x0000000008003418      0x338 ./Drivers/STM32F1xx_HAL_Driver/Src/stm32f1xx_hal_rcc.o
                0x0000000008003418                HAL_RCC_OscConfig
 .text.HAL_RCC_GetSysClockFreq
                0x0000000008003750       0x4c ./Drivers/STM32F1xx_HAL_Driver/Src/stm32f1xx_hal_rcc.o
                0x0000000008003750                HAL_RCC_GetSysClockFreq
 .text.HAL_RCC_ClockConfig
                0x000000000800379c      0x138 ./Drivers/STM32F1xx_HAL_Driver/Src/stm32f1xx_hal_rcc.o
                0x000000000800379c                HAL_RCC_ClockConfig
 .text.HAL_RCC_GetPCLK1Freq
                0x00000000080038d4       0x20 ./Drivers/STM32F1xx_HAL_Driver/Src/stm32f1xx_hal_rcc.o
                0x00000000080038d4                HAL_RCC_GetPCLK1Freq
 .text.HAL_RCC_GetPCLK2Freq
                0x00000000080038f4       0x20 ./Drivers/STM32F1xx_HAL_Driver/Src/stm32f1xx_hal_rcc.o
                0x00000000080038f4                HAL_RCC_GetPCLK2Freq
 .text.HAL_SPI_Init
                0x0000000008003914       0xb0 ./Drivers/STM32F1xx_HAL_Driver/Src/stm32f1xx_hal_spi.o
                0x0000000008003914                HAL_SPI_Init
 .text.UART_SetConfig
                0x00000000080039c4       0x74 ./Drivers/STM32F1xx_HAL_Driver/Src/stm32f1xx_hal_uart.o
 .text.HAL_UART_Init
                0x0000000008003a38       0x5e ./Drivers/STM32F1xx_HAL_Driver/Src/stm32f1xx_hal_uart.o
                0x0000000008003a38                HAL_UART_Init
 *fill*         0x0000000008003a96        0x2 
 .text.__errno  0x0000000008003a98        0xc c:/st/stm32cubeide_1.10.1/stm32cubeide/plugins/com.st.stm32cube.ide.mcu.externaltools.gnu-tools-for-stm32.10.3-2021.10.win32_1.0.200.202301161003/tools/bin/../lib/gcc/arm-none-eabi/10.3.1/../../../../arm-none-eabi/lib/thumb/v7-m/nofp\libc_nano.a(lib_a-errno.o)
                0x0000000008003a98                __errno
 .text.__libc_init_array
                0x0000000008003aa4       0x48 c:/st/stm32cubeide_1.10.1/stm32cubeide/plugins/com.st.stm32cube.ide.mcu.externaltools.gnu-tools-for-stm32.10.3-2021.10.win32_1.0.200.202301161003/tools/bin/../lib/gcc/arm-none-eabi/10.3.1/../../../../arm-none-eabi/lib/thumb/v7-m/nofp\libc_nano.a(lib_a-init.o)
                0x0000000008003aa4                __libc_init_array
 .text.memset   0x0000000008003aec       0x10 c:/st/stm32cubeide_1.10.1/stm32cubeide/plugins/com.st.stm32cube.ide.mcu.externaltools.gnu-tools-for-stm32.10.3-2021.10.win32_1.0.200.202301161003/tools/bin/../lib/gcc/arm-none-eabi/10.3.1/../../../../arm-none-eabi/lib/thumb/v7-m/nofp\libc_nano.a(lib_a-memset.o)
                0x0000000008003aec                memset
 .text.printf   0x0000000008003afc       0x30 c:/st/stm32cubeide_1.10.1/stm32cubeide/plugins/com.st.stm32cube.ide.mcu.externaltools.gnu-tools-for-stm32.10.3-2021.10.win32_1.0.200.202301161003/tools/bin/../lib/gcc/arm-none-eabi/10.3.1/../../../../arm-none-eabi/lib/thumb/v7-m/nofp\libc_nano.a(lib_a-printf.o)
                0x0000000008003afc                iprintf
                0x0000000008003afc                printf
 .text._puts_r  0x0000000008003b2c       0xdc c:/st/stm32cubeide_1.10.1/stm32cubeide/plugins/com.st.stm32cube.ide.mcu.externaltools.gnu-tools-for-stm32.10.3-2021.10.win32_1.0.200.202301161003/tools/bin/../lib/gcc/arm-none-eabi/10.3.1/../../../../arm-none-eabi/lib/thumb/v7-m/nofp\libc_nano.a(lib_a-puts.o)
                0x0000000008003b2c                _puts_r
 .text.puts     0x0000000008003c08       0x10 c:/st/stm32cubeide_1.10.1/stm32cubeide/plugins/com.st.stm32cube.ide.mcu.externaltools.gnu-tools-for-stm32.10.3-2021.10.win32_1.0.200.202301161003/tools/bin/../lib/gcc/arm-none-eabi/10.3.1/../../../../arm-none-eabi/lib/thumb/v7-m/nofp\libc_nano.a(lib_a-puts.o)
                0x0000000008003c08                puts
 .text.setbuf   0x0000000008003c18       0x10 c:/st/stm32cubeide_1.10.1/stm32cubeide/plugins/com.st.stm32cube.ide.mcu.externaltools.gnu-tools-for-stm32.10.3-2021.10.win32_1.0.200.202301161003/tools/bin/../lib/gcc/arm-none-eabi/10.3.1/../../../../arm-none-eabi/lib/thumb/v7-m/nofp\libc_nano.a(lib_a-setbuf.o)
                0x0000000008003c18                setbuf
 .text.setvbuf  0x0000000008003c28      0x18c c:/st/stm32cubeide_1.10.1/stm32cubeide/plugins/com.st.stm32cube.ide.mcu.externaltools.gnu-tools-for-stm32.10.3-2021.10.win32_1.0.200.202301161003/tools/bin/../lib/gcc/arm-none-eabi/10.3.1/../../../../arm-none-eabi/lib/thumb/v7-m/nofp\libc_nano.a(lib_a-setvbuf.o)
                0x0000000008003c28                setvbuf
 .text.strchr   0x0000000008003db4       0x1a c:/st/stm32cubeide_1.10.1/stm32cubeide/plugins/com.st.stm32cube.ide.mcu.externaltools.gnu-tools-for-stm32.10.3-2021.10.win32_1.0.200.202301161003/tools/bin/../lib/gcc/arm-none-eabi/10.3.1/../../../../arm-none-eabi/lib/thumb/v7-m/nofp\libc_nano.a(lib_a-strchr.o)
                0x0000000008003db4                strchr
 .text.strcpy   0x0000000008003dce       0x10 c:/st/stm32cubeide_1.10.1/stm32cubeide/plugins/com.st.stm32cube.ide.mcu.externaltools.gnu-tools-for-stm32.10.3-2021.10.win32_1.0.200.202301161003/tools/bin/../lib/gcc/arm-none-eabi/10.3.1/../../../../arm-none-eabi/lib/thumb/v7-m/nofp\libc_nano.a(lib_a-strcpy.o)
                0x0000000008003dce                strcpy
 .text.strncpy  0x0000000008003dde       0x26 c:/st/stm32cubeide_1.10.1/stm32cubeide/plugins/com.st.stm32cube.ide.mcu.externaltools.gnu-tools-for-stm32.10.3-2021.10.win32_1.0.200.202301161003/tools/bin/../lib/gcc/arm-none-eabi/10.3.1/../../../../arm-none-eabi/lib/thumb/v7-m/nofp\libc_nano.a(lib_a-strncpy.o)
                0x0000000008003dde                strncpy
 .text.__swbuf_r
                0x0000000008003e04       0xa4 c:/st/stm32cubeide_1.10.1/stm32cubeide/plugins/com.st.stm32cube.ide.mcu.externaltools.gnu-tools-for-stm32.10.3-2021.10.win32_1.0.200.202301161003/tools/bin/../lib/gcc/arm-none-eabi/10.3.1/../../../../arm-none-eabi/lib/thumb/v7-m/nofp\libc_nano.a(lib_a-wbuf.o)
                0x0000000008003e04                __swbuf_r
 .text.__swsetup_r
                0x0000000008003ea8       0xdc c:/st/stm32cubeide_1.10.1/stm32cubeide/plugins/com.st.stm32cube.ide.mcu.externaltools.gnu-tools-for-stm32.10.3-2021.10.win32_1.0.200.202301161003/tools/bin/../lib/gcc/arm-none-eabi/10.3.1/../../../../arm-none-eabi/lib/thumb/v7-m/nofp\libc_nano.a(lib_a-wsetup.o)
                0x0000000008003ea8                __swsetup_r
 .text.__sflush_r
                0x0000000008003f84      0x104 c:/st/stm32cubeide_1.10.1/stm32cubeide/plugins/com.st.stm32cube.ide.mcu.externaltools.gnu-tools-for-stm32.10.3-2021.10.win32_1.0.200.202301161003/tools/bin/../lib/gcc/arm-none-eabi/10.3.1/../../../../arm-none-eabi/lib/thumb/v7-m/nofp\libc_nano.a(lib_a-fflush.o)
                0x0000000008003f84                __sflush_r
 .text._fflush_r
                0x0000000008004088       0x78 c:/st/stm32cubeide_1.10.1/stm32cubeide/plugins/com.st.stm32cube.ide.mcu.externaltools.gnu-tools-for-stm32.10.3-2021.10.win32_1.0.200.202301161003/tools/bin/../lib/gcc/arm-none-eabi/10.3.1/../../../../arm-none-eabi/lib/thumb/v7-m/nofp\libc_nano.a(lib_a-fflush.o)
                0x0000000008004088                _fflush_r
 .text.std      0x0000000008004100       0x48 c:/st/stm32cubeide_1.10.1/stm32cubeide/plugins/com.st.stm32cube.ide.mcu.externaltools.gnu-tools-for-stm32.10.3-2021.10.win32_1.0.200.202301161003/tools/bin/../lib/gcc/arm-none-eabi/10.3.1/../../../../arm-none-eabi/lib/thumb/v7-m/nofp\libc_nano.a(lib_a-findfp.o)
 .text._cleanup_r
                0x0000000008004148        0xc c:/st/stm32cubeide_1.10.1/stm32cubeide/plugins/com.st.stm32cube.ide.mcu.externaltools.gnu-tools-for-stm32.10.3-2021.10.win32_1.0.200.202301161003/tools/bin/../lib/gcc/arm-none-eabi/10.3.1/../../../../arm-none-eabi/lib/thumb/v7-m/nofp\libc_nano.a(lib_a-findfp.o)
                0x0000000008004148                _cleanup_r
 .text.__sfmoreglue
                0x0000000008004154       0x2c c:/st/stm32cubeide_1.10.1/stm32cubeide/plugins/com.st.stm32cube.ide.mcu.externaltools.gnu-tools-for-stm32.10.3-2021.10.win32_1.0.200.202301161003/tools/bin/../lib/gcc/arm-none-eabi/10.3.1/../../../../arm-none-eabi/lib/thumb/v7-m/nofp\libc_nano.a(lib_a-findfp.o)
                0x0000000008004154                __sfmoreglue
 .text.__sfp_lock_acquire
                0x0000000008004180        0xc c:/st/stm32cubeide_1.10.1/stm32cubeide/plugins/com.st.stm32cube.ide.mcu.externaltools.gnu-tools-for-stm32.10.3-2021.10.win32_1.0.200.202301161003/tools/bin/../lib/gcc/arm-none-eabi/10.3.1/../../../../arm-none-eabi/lib/thumb/v7-m/nofp\libc_nano.a(lib_a-findfp.o)
                0x0000000008004180                __sfp_lock_acquire
 .text.__sfp_lock_release
                0x000000000800418c        0xc c:/st/stm32cubeide_1.10.1/stm32cubeide/plugins/com.st.stm32cube.ide.mcu.externaltools.gnu-tools-for-stm32.10.3-2021.10.win32_1.0.200.202301161003/tools/bin/../lib/gcc/arm-none-eabi/10.3.1/../../../../arm-none-eabi/lib/thumb/v7-m/nofp\libc_nano.a(lib_a-findfp.o)
                0x000000000800418c                __sfp_lock_release
 .text.__sinit_lock_acquire
                0x0000000008004198        0xc c:/st/stm32cubeide_1.10.1/stm32cubeide/plugins/com.st.stm32cube.ide.mcu.externaltools.gnu-tools-for-stm32.10.3-2021.10.win32_1.0.200.202301161003/tools/bin/../lib/gcc/arm-none-eabi/10.3.1/../../../../arm-none-eabi/lib/thumb/v7-m/nofp\libc_nano.a(lib_a-findfp.o)
                0x0000000008004198                __sinit_lock_acquire
 .text.__sinit_lock_release
                0x00000000080041a4        0xc c:/st/stm32cubeide_1.10.1/stm32cubeide/plugins/com.st.stm32cube.ide.mcu.externaltools.gnu-tools-for-stm32.10.3-2021.10.win32_1.0.200.202301161003/tools/bin/../lib/gcc/arm-none-eabi/10.3.1/../../../../arm-none-eabi/lib/thumb/v7-m/nofp\libc_nano.a(lib_a-findfp.o)
                0x00000000080041a4                __sinit_lock_release
 .text.__sinit  0x00000000080041b0       0x70 c:/st/stm32cubeide_1.10.1/stm32cubeide/plugins/com.st.stm32cube.ide.mcu.externaltools.gnu-tools-for-stm32.10.3-2021.10.win32_1.0.200.202301161003/tools/bin/../lib/gcc/arm-none-eabi/10.3.1/../../../../arm-none-eabi/lib/thumb/v7-m/nofp\libc_nano.a(lib_a-findfp.o)
                0x00000000080041b0                __sinit
 .text.__sfp    0x0000000008004220       0x8c c:/st/stm32cubeide_1.10.1/stm32cubeide/plugins/com.st.stm32cube.ide.mcu.externaltools.gnu-tools-for-stm32.10.3-2021.10.win32_1.0.200.202301161003/tools/bin/../lib/gcc/arm-none-eabi/10.3.1/../../../../arm-none-eabi/lib/thumb/v7-m/nofp\libc_nano.a(lib_a-findfp.o)
                0x0000000008004220                __sfp
 .text._fwalk_reent
                0x00000000080042ac       0x3e c:/st/stm32cubeide_1.10.1/stm32cubeide/plugins/com.st.stm32cube.ide.mcu.externaltools.gnu-tools-for-stm32.10.3-2021.10.win32_1.0.200.202301161003/tools/bin/../lib/gcc/arm-none-eabi/10.3.1/../../../../arm-none-eabi/lib/thumb/v7-m/nofp\libc_nano.a(lib_a-fwalk.o)
                0x00000000080042ac                _fwalk_reent
 .text.__retarget_lock_init_recursive
                0x00000000080042ea        0x2 c:/st/stm32cubeide_1.10.1/stm32cubeide/plugins/com.st.stm32cube.ide.mcu.externaltools.gnu-tools-for-stm32.10.3-2021.10.win32_1.0.200.202301161003/tools/bin/../lib/gcc/arm-none-eabi/10.3.1/../../../../arm-none-eabi/lib/thumb/v7-m/nofp\libc_nano.a(lib_a-lock.o)
                0x00000000080042ea                __retarget_lock_init_recursive
 .text.__retarget_lock_acquire_recursive
                0x00000000080042ec        0x2 c:/st/stm32cubeide_1.10.1/stm32cubeide/plugins/com.st.stm32cube.ide.mcu.externaltools.gnu-tools-for-stm32.10.3-2021.10.win32_1.0.200.202301161003/tools/bin/../lib/gcc/arm-none-eabi/10.3.1/../../../../arm-none-eabi/lib/thumb/v7-m/nofp\libc_nano.a(lib_a-lock.o)
                0x00000000080042ec                __retarget_lock_acquire_recursive
 .text.__retarget_lock_release_recursive
                0x00000000080042ee        0x2 c:/st/stm32cubeide_1.10.1/stm32cubeide/plugins/com.st.stm32cube.ide.mcu.externaltools.gnu-tools-for-stm32.10.3-2021.10.win32_1.0.200.202301161003/tools/bin/../lib/gcc/arm-none-eabi/10.3.1/../../../../arm-none-eabi/lib/thumb/v7-m/nofp\libc_nano.a(lib_a-lock.o)
                0x00000000080042ee                __retarget_lock_release_recursive
 .text.__swhatbuf_r
                0x00000000080042f0       0x4a c:/st/stm32cubeide_1.10.1/stm32cubeide/plugins/com.st.stm32cube.ide.mcu.externaltools.gnu-tools-for-stm32.10.3-2021.10.win32_1.0.200.202301161003/tools/bin/../lib/gcc/arm-none-eabi/10.3.1/../../../../arm-none-eabi/lib/thumb/v7-m/nofp\libc_nano.a(lib_a-makebuf.o)
                0x00000000080042f0                __swhatbuf_r
 *fill*         0x000000000800433a        0x2 
 .text.__smakebuf_r
                0x000000000800433c       0x80 c:/st/stm32cubeide_1.10.1/stm32cubeide/plugins/com.st.stm32cube.ide.mcu.externaltools.gnu-tools-for-stm32.10.3-2021.10.win32_1.0.200.202301161003/tools/bin/../lib/gcc/arm-none-eabi/10.3.1/../../../../arm-none-eabi/lib/thumb/v7-m/nofp\libc_nano.a(lib_a-makebuf.o)
                0x000000000800433c                __smakebuf_r
 .text.malloc   0x00000000080043bc       0x10 c:/st/stm32cubeide_1.10.1/stm32cubeide/plugins/com.st.stm32cube.ide.mcu.externaltools.gnu-tools-for-stm32.10.3-2021.10.win32_1.0.200.202301161003/tools/bin/../lib/gcc/arm-none-eabi/10.3.1/../../../../arm-none-eabi/lib/thumb/v7-m/nofp\libc_nano.a(lib_a-malloc.o)
                0x00000000080043bc                malloc
 .text._free_r  0x00000000080043cc       0x90 c:/st/stm32cubeide_1.10.1/stm32cubeide/plugins/com.st.stm32cube.ide.mcu.externaltools.gnu-tools-for-stm32.10.3-2021.10.win32_1.0.200.202301161003/tools/bin/../lib/gcc/arm-none-eabi/10.3.1/../../../../arm-none-eabi/lib/thumb/v7-m/nofp\libc_nano.a(lib_a-nano-freer.o)
                0x00000000080043cc                _free_r
 .text.sbrk_aligned
                0x000000000800445c       0x40 c:/st/stm32cubeide_1.10.1/stm32cubeide/plugins/com.st.stm32cube.ide.mcu.externaltools.gnu-tools-for-stm32.10.3-2021.10.win32_1.0.200.202301161003/tools/bin/../lib/gcc/arm-none-eabi/10.3.1/../../../../arm-none-eabi/lib/thumb/v7-m/nofp\libc_nano.a(lib_a-nano-mallocr.o)
 .text._malloc_r
                0x000000000800449c       0xe8 c:/st/stm32cubeide_1.10.1/stm32cubeide/plugins/com.st.stm32cube.ide.mcu.externaltools.gnu-tools-for-stm32.10.3-2021.10.win32_1.0.200.202301161003/tools/bin/../lib/gcc/arm-none-eabi/10.3.1/../../../../arm-none-eabi/lib/thumb/v7-m/nofp\libc_nano.a(lib_a-nano-mallocr.o)
                0x000000000800449c                _malloc_r
 .text.__sfputc_r
                0x0000000008004584       0x2a c:/st/stm32cubeide_1.10.1/stm32cubeide/plugins/com.st.stm32cube.ide.mcu.externaltools.gnu-tools-for-stm32.10.3-2021.10.win32_1.0.200.202301161003/tools/bin/../lib/gcc/arm-none-eabi/10.3.1/../../../../arm-none-eabi/lib/thumb/v7-m/nofp\libc_nano.a(lib_a-nano-vfprintf.o)
 .text.__sfputs_r
                0x00000000080045ae       0x24 c:/st/stm32cubeide_1.10.1/stm32cubeide/plugins/com.st.stm32cube.ide.mcu.externaltools.gnu-tools-for-stm32.10.3-2021.10.win32_1.0.200.202301161003/tools/bin/../lib/gcc/arm-none-eabi/10.3.1/../../../../arm-none-eabi/lib/thumb/v7-m/nofp\libc_nano.a(lib_a-nano-vfprintf.o)
                0x00000000080045ae                __sfputs_r
 *fill*         0x00000000080045d2        0x2 
 .text._vfprintf_r
                0x00000000080045d4      0x260 c:/st/stm32cubeide_1.10.1/stm32cubeide/plugins/com.st.stm32cube.ide.mcu.externaltools.gnu-tools-for-stm32.10.3-2021.10.win32_1.0.200.202301161003/tools/bin/../lib/gcc/arm-none-eabi/10.3.1/../../../../arm-none-eabi/lib/thumb/v7-m/nofp\libc_nano.a(lib_a-nano-vfprintf.o)
                0x00000000080045d4                _vfprintf_r
                0x00000000080045d4                _vfiprintf_r
 .text._printf_common
                0x0000000008004834       0xde c:/st/stm32cubeide_1.10.1/stm32cubeide/plugins/com.st.stm32cube.ide.mcu.externaltools.gnu-tools-for-stm32.10.3-2021.10.win32_1.0.200.202301161003/tools/bin/../lib/gcc/arm-none-eabi/10.3.1/../../../../arm-none-eabi/lib/thumb/v7-m/nofp\libc_nano.a(lib_a-nano-vfprintf_i.o)
                0x0000000008004834                _printf_common
 *fill*         0x0000000008004912        0x2 
 .text._printf_i
                0x0000000008004914      0x24c c:/st/stm32cubeide_1.10.1/stm32cubeide/plugins/com.st.stm32cube.ide.mcu.externaltools.gnu-tools-for-stm32.10.3-2021.10.win32_1.0.200.202301161003/tools/bin/../lib/gcc/arm-none-eabi/10.3.1/../../../../arm-none-eabi/lib/thumb/v7-m/nofp\libc_nano.a(lib_a-nano-vfprintf_i.o)
                0x0000000008004914                _printf_i
 .text._sbrk_r  0x0000000008004b60       0x20 c:/st/stm32cubeide_1.10.1/stm32cubeide/plugins/com.st.stm32cube.ide.mcu.externaltools.gnu-tools-for-stm32.10.3-2021.10.win32_1.0.200.202301161003/tools/bin/../lib/gcc/arm-none-eabi/10.3.1/../../../../arm-none-eabi/lib/thumb/v7-m/nofp\libc_nano.a(lib_a-sbrkr.o)
                0x0000000008004b60                _sbrk_r
 .text.__sread  0x0000000008004b80       0x22 c:/st/stm32cubeide_1.10.1/stm32cubeide/plugins/com.st.stm32cube.ide.mcu.externaltools.gnu-tools-for-stm32.10.3-2021.10.win32_1.0.200.202301161003/tools/bin/../lib/gcc/arm-none-eabi/10.3.1/../../../../arm-none-eabi/lib/thumb/v7-m/nofp\libc_nano.a(lib_a-stdio.o)
                0x0000000008004b80                __sread
 .text.__swrite
                0x0000000008004ba2       0x38 c:/st/stm32cubeide_1.10.1/stm32cubeide/plugins/com.st.stm32cube.ide.mcu.externaltools.gnu-tools-for-stm32.10.3-2021.10.win32_1.0.200.202301161003/tools/bin/../lib/gcc/arm-none-eabi/10.3.1/../../../../arm-none-eabi/lib/thumb/v7-m/nofp\libc_nano.a(lib_a-stdio.o)
                0x0000000008004ba2                __swrite
 .text.__sseek  0x0000000008004bda       0x24 c:/st/stm32cubeide_1.10.1/stm32cubeide/plugins/com.st.stm32cube.ide.mcu.externaltools.gnu-tools-for-stm32.10.3-2021.10.win32_1.0.200.202301161003/tools/bin/../lib/gcc/arm-none-eabi/10.3.1/../../../../arm-none-eabi/lib/thumb/v7-m/nofp\libc_nano.a(lib_a-stdio.o)
                0x0000000008004bda                __sseek
 .text.__sclose
                0x0000000008004bfe        0x8 c:/st/stm32cubeide_1.10.1/stm32cubeide/plugins/com.st.stm32cube.ide.mcu.externaltools.gnu-tools-for-stm32.10.3-2021.10.win32_1.0.200.202301161003/tools/bin/../lib/gcc/arm-none-eabi/10.3.1/../../../../arm-none-eabi/lib/thumb/v7-m/nofp\libc_nano.a(lib_a-stdio.o)
                0x0000000008004bfe                __sclose
 *fill*         0x0000000008004c06        0x2 
 .text._write_r
                0x0000000008004c08       0x24 c:/st/stm32cubeide_1.10.1/stm32cubeide/plugins/com.st.stm32cube.ide.mcu.externaltools.gnu-tools-for-stm32.10.3-2021.10.win32_1.0.200.202301161003/tools/bin/../lib/gcc/arm-none-eabi/10.3.1/../../../../arm-none-eabi/lib/thumb/v7-m/nofp\libc_nano.a(lib_a-writer.o)
                0x0000000008004c08                _write_r
 .text._close_r
                0x0000000008004c2c       0x20 c:/st/stm32cubeide_1.10.1/stm32cubeide/plugins/com.st.stm32cube.ide.mcu.externaltools.gnu-tools-for-stm32.10.3-2021.10.win32_1.0.200.202301161003/tools/bin/../lib/gcc/arm-none-eabi/10.3.1/../../../../arm-none-eabi/lib/thumb/v7-m/nofp\libc_nano.a(lib_a-closer.o)
                0x0000000008004c2c                _close_r
 .text._fstat_r
                0x0000000008004c4c       0x24 c:/st/stm32cubeide_1.10.1/stm32cubeide/plugins/com.st.stm32cube.ide.mcu.externaltools.gnu-tools-for-stm32.10.3-2021.10.win32_1.0.200.202301161003/tools/bin/../lib/gcc/arm-none-eabi/10.3.1/../../../../arm-none-eabi/lib/thumb/v7-m/nofp\libc_nano.a(lib_a-fstatr.o)
                0x0000000008004c4c                _fstat_r
 .text._isatty_r
                0x0000000008004c70       0x20 c:/st/stm32cubeide_1.10.1/stm32cubeide/plugins/com.st.stm32cube.ide.mcu.externaltools.gnu-tools-for-stm32.10.3-2021.10.win32_1.0.200.202301161003/tools/bin/../lib/gcc/arm-none-eabi/10.3.1/../../../../arm-none-eabi/lib/thumb/v7-m/nofp\libc_nano.a(lib_a-isattyr.o)
                0x0000000008004c70                _isatty_r
 .text._lseek_r
                0x0000000008004c90       0x24 c:/st/stm32cubeide_1.10.1/stm32cubeide/plugins/com.st.stm32cube.ide.mcu.externaltools.gnu-tools-for-stm32.10.3-2021.10.win32_1.0.200.202301161003/tools/bin/../lib/gcc/arm-none-eabi/10.3.1/../../../../arm-none-eabi/lib/thumb/v7-m/nofp\libc_nano.a(lib_a-lseekr.o)
                0x0000000008004c90                _lseek_r
 .text.memchr   0x0000000008004cb4       0x1c c:/st/stm32cubeide_1.10.1/stm32cubeide/plugins/com.st.stm32cube.ide.mcu.externaltools.gnu-tools-for-stm32.10.3-2021.10.win32_1.0.200.202301161003/tools/bin/../lib/gcc/arm-none-eabi/10.3.1/../../../../arm-none-eabi/lib/thumb/v7-m/nofp\libc_nano.a(lib_a-memchr-stub.o)
                0x0000000008004cb4                memchr
 .text.__malloc_lock
                0x0000000008004cd0        0xc c:/st/stm32cubeide_1.10.1/stm32cubeide/plugins/com.st.stm32cube.ide.mcu.externaltools.gnu-tools-for-stm32.10.3-2021.10.win32_1.0.200.202301161003/tools/bin/../lib/gcc/arm-none-eabi/10.3.1/../../../../arm-none-eabi/lib/thumb/v7-m/nofp\libc_nano.a(lib_a-mlock.o)
                0x0000000008004cd0                __malloc_lock
 .text.__malloc_unlock
                0x0000000008004cdc        0xc c:/st/stm32cubeide_1.10.1/stm32cubeide/plugins/com.st.stm32cube.ide.mcu.externaltools.gnu-tools-for-stm32.10.3-2021.10.win32_1.0.200.202301161003/tools/bin/../lib/gcc/arm-none-eabi/10.3.1/../../../../arm-none-eabi/lib/thumb/v7-m/nofp\libc_nano.a(lib_a-mlock.o)
                0x0000000008004cdc                __malloc_unlock
 .text._read_r  0x0000000008004ce8       0x24 c:/st/stm32cubeide_1.10.1/stm32cubeide/plugins/com.st.stm32cube.ide.mcu.externaltools.gnu-tools-for-stm32.10.3-2021.10.win32_1.0.200.202301161003/tools/bin/../lib/gcc/arm-none-eabi/10.3.1/../../../../arm-none-eabi/lib/thumb/v7-m/nofp\libc_nano.a(lib_a-readr.o)
                0x0000000008004ce8                _read_r
 *(.glue_7)
 .glue_7        0x0000000008004d0c        0x0 linker stubs
 *(.glue_7t)
 .glue_7t       0x0000000008004d0c        0x0 linker stubs
 *(.eh_frame)
 .eh_frame      0x0000000008004d0c        0x0 c:/st/stm32cubeide_1.10.1/stm32cubeide/plugins/com.st.stm32cube.ide.mcu.externaltools.gnu-tools-for-stm32.10.3-2021.10.win32_1.0.200.202301161003/tools/bin/../lib/gcc/arm-none-eabi/10.3.1/thumb/v7-m/nofp/crtbegin.o
 *(.init)
 .init          0x0000000008004d0c        0x4 c:/st/stm32cubeide_1.10.1/stm32cubeide/plugins/com.st.stm32cube.ide.mcu.externaltools.gnu-tools-for-stm32.10.3-2021.10.win32_1.0.200.202301161003/tools/bin/../lib/gcc/arm-none-eabi/10.3.1/thumb/v7-m/nofp/crti.o
                0x0000000008004d0c                _init
 .init          0x0000000008004d10        0x8 c:/st/stm32cubeide_1.10.1/stm32cubeide/plugins/com.st.stm32cube.ide.mcu.externaltools.gnu-tools-for-stm32.10.3-2021.10.win32_1.0.200.202301161003/tools/bin/../lib/gcc/arm-none-eabi/10.3.1/thumb/v7-m/nofp/crtn.o
 *(.fini)
 .fini          0x0000000008004d18        0x4 c:/st/stm32cubeide_1.10.1/stm32cubeide/plugins/com.st.stm32cube.ide.mcu.externaltools.gnu-tools-for-stm32.10.3-2021.10.win32_1.0.200.202301161003/tools/bin/../lib/gcc/arm-none-eabi/10.3.1/thumb/v7-m/nofp/crti.o
                0x0000000008004d18                _fini
 .fini          0x0000000008004d1c        0x8 c:/st/stm32cubeide_1.10.1/stm32cubeide/plugins/com.st.stm32cube.ide.mcu.externaltools.gnu-tools-for-stm32.10.3-2021.10.win32_1.0.200.202301161003/tools/bin/../lib/gcc/arm-none-eabi/10.3.1/thumb/v7-m/nofp/crtn.o
                0x0000000008004d24                . = ALIGN (0x4)
                0x0000000008004d24                _etext = .

.vfp11_veneer   0x0000000008004d24        0x0
 .vfp11_veneer  0x0000000008004d24        0x0 linker stubs

.v4_bx          0x0000000008004d24        0x0
 .v4_bx         0x0000000008004d24        0x0 linker stubs

.iplt           0x0000000008004d24        0x0
 .iplt          0x0000000008004d24        0x0 c:/st/stm32cubeide_1.10.1/stm32cubeide/plugins/com.st.stm32cube.ide.mcu.externaltools.gnu-tools-for-stm32.10.3-2021.10.win32_1.0.200.202301161003/tools/bin/../lib/gcc/arm-none-eabi/10.3.1/thumb/v7-m/nofp/crtbegin.o

.rodata         0x0000000008004d24      0x64c
                0x0000000008004d24                . = ALIGN (0x4)
 *(.rodata)
 .rodata        0x0000000008004d24       0x10 ./Core/W5500/W5500_SPI.o
 *(.rodata*)
 .rodata.my_ip_conflict.str1.1
                0x0000000008004d34       0x17 ./Core/Src/main.o
 .rodata.Display_Net_Conf.str1.1
                0x0000000008004d4b       0xd8 ./Core/Src/main.o
                                         0xec (size before relaxing)
 .rodata.my_ip_assign.str1.1
                0x0000000008004e23       0x1e ./Core/Src/main.o
                                         0x20 (size before relaxing)
 .rodata.PHYStatusCheck.str1.1
                0x0000000008004e41       0x56 ./Core/Src/main.o
 .rodata.PrintPHYConf.str1.1
                0x0000000008004e97       0xc1 ./Core/Src/main.o
 .rodata.main.str1.1
                0x0000000008004f58      0x165 ./Core/Src/main.o
 .rodata.AHBPrescTable
                0x00000000080050bd       0x10 ./Core/Src/system_stm32f1xx.o
                0x00000000080050bd                AHBPrescTable
 .rodata.APBPrescTable
                0x00000000080050cd        0x8 ./Core/Src/system_stm32f1xx.o
                0x00000000080050cd                APBPrescTable
 .rodata.W5500Init.str1.1
                0x00000000080050d5       0x3e ./Core/W5500/W5500_SPI.o
 .rodata.send_DHCP_DECLINE.str1.1
                0x0000000008005113       0x17 ./Core/W5500/dhcp.o
 .rodata.parseDHCPMSG.str1.1
                0x000000000800512a       0x9b ./Core/W5500/dhcp.o
 .rodata.check_DHCP_leasedIP.str1.1
                0x00000000080051c5       0x2c ./Core/W5500/dhcp.o
 .rodata.send_DHCP_DISCOVER.str1.1
                0x00000000080051f1       0x16 ./Core/W5500/dhcp.o
 .rodata.send_DHCP_REQUEST.str1.1
                0x0000000008005207       0x15 ./Core/W5500/dhcp.o
 .rodata.DHCP_run.str1.1
                0x000000000800521c       0xa9 ./Core/W5500/dhcp.o
 .rodata.aPLLMULFactorTable.1
                0x00000000080052c5       0x10 ./Drivers/STM32F1xx_HAL_Driver/Src/stm32f1xx_hal_rcc.o
 .rodata.aPredivFactorTable.0
                0x00000000080052d5        0x2 ./Drivers/STM32F1xx_HAL_Driver/Src/stm32f1xx_hal_rcc.o
 *fill*         0x00000000080052d7        0x1 
 .rodata._global_impure_ptr
                0x00000000080052d8        0x4 c:/st/stm32cubeide_1.10.1/stm32cubeide/plugins/com.st.stm32cube.ide.mcu.externaltools.gnu-tools-for-stm32.10.3-2021.10.win32_1.0.200.202301161003/tools/bin/../lib/gcc/arm-none-eabi/10.3.1/../../../../arm-none-eabi/lib/thumb/v7-m/nofp\libc_nano.a(lib_a-impure.o)
                0x00000000080052d8                _global_impure_ptr
 .rodata.__sf_fake_stderr
                0x00000000080052dc       0x20 c:/st/stm32cubeide_1.10.1/stm32cubeide/plugins/com.st.stm32cube.ide.mcu.externaltools.gnu-tools-for-stm32.10.3-2021.10.win32_1.0.200.202301161003/tools/bin/../lib/gcc/arm-none-eabi/10.3.1/../../../../arm-none-eabi/lib/thumb/v7-m/nofp\libc_nano.a(lib_a-findfp.o)
                0x00000000080052dc                __sf_fake_stderr
 .rodata.__sf_fake_stdin
                0x00000000080052fc       0x20 c:/st/stm32cubeide_1.10.1/stm32cubeide/plugins/com.st.stm32cube.ide.mcu.externaltools.gnu-tools-for-stm32.10.3-2021.10.win32_1.0.200.202301161003/tools/bin/../lib/gcc/arm-none-eabi/10.3.1/../../../../arm-none-eabi/lib/thumb/v7-m/nofp\libc_nano.a(lib_a-findfp.o)
                0x00000000080052fc                __sf_fake_stdin
 .rodata.__sf_fake_stdout
                0x000000000800531c       0x20 c:/st/stm32cubeide_1.10.1/stm32cubeide/plugins/com.st.stm32cube.ide.mcu.externaltools.gnu-tools-for-stm32.10.3-2021.10.win32_1.0.200.202301161003/tools/bin/../lib/gcc/arm-none-eabi/10.3.1/../../../../arm-none-eabi/lib/thumb/v7-m/nofp\libc_nano.a(lib_a-findfp.o)
                0x000000000800531c                __sf_fake_stdout
 .rodata._vfprintf_r.str1.1
                0x000000000800533c       0x11 c:/st/stm32cubeide_1.10.1/stm32cubeide/plugins/com.st.stm32cube.ide.mcu.externaltools.gnu-tools-for-stm32.10.3-2021.10.win32_1.0.200.202301161003/tools/bin/../lib/gcc/arm-none-eabi/10.3.1/../../../../arm-none-eabi/lib/thumb/v7-m/nofp\libc_nano.a(lib_a-nano-vfprintf.o)
 .rodata._printf_i.str1.1
                0x000000000800534d       0x22 c:/st/stm32cubeide_1.10.1/stm32cubeide/plugins/com.st.stm32cube.ide.mcu.externaltools.gnu-tools-for-stm32.10.3-2021.10.win32_1.0.200.202301161003/tools/bin/../lib/gcc/arm-none-eabi/10.3.1/../../../../arm-none-eabi/lib/thumb/v7-m/nofp\libc_nano.a(lib_a-nano-vfprintf_i.o)
                0x0000000008005370                . = ALIGN (0x4)
 *fill*         0x000000000800536f        0x1 

.ARM.extab      0x0000000008005370        0x0
                0x0000000008005370                . = ALIGN (0x4)
 *(.ARM.extab* .gnu.linkonce.armextab.*)
                0x0000000008005370                . = ALIGN (0x4)

.ARM            0x0000000008005370        0x8
                0x0000000008005370                . = ALIGN (0x4)
                0x0000000008005370                __exidx_start = .
 *(.ARM.exidx*)
 .ARM.exidx     0x0000000008005370        0x8 c:/st/stm32cubeide_1.10.1/stm32cubeide/plugins/com.st.stm32cube.ide.mcu.externaltools.gnu-tools-for-stm32.10.3-2021.10.win32_1.0.200.202301161003/tools/bin/../lib/gcc/arm-none-eabi/10.3.1/thumb/v7-m/nofp\libgcc.a(_udivmoddi4.o)
                0x0000000008005378                __exidx_end = .
                0x0000000008005378                . = ALIGN (0x4)

.rel.dyn        0x0000000008005378        0x0
 .rel.iplt      0x0000000008005378        0x0 c:/st/stm32cubeide_1.10.1/stm32cubeide/plugins/com.st.stm32cube.ide.mcu.externaltools.gnu-tools-for-stm32.10.3-2021.10.win32_1.0.200.202301161003/tools/bin/../lib/gcc/arm-none-eabi/10.3.1/thumb/v7-m/nofp/crtbegin.o

.preinit_array  0x0000000008005378        0x0
                0x0000000008005378                . = ALIGN (0x4)
                0x0000000008005378                PROVIDE (__preinit_array_start = .)
 *(.preinit_array*)
                0x0000000008005378                PROVIDE (__preinit_array_end = .)
                0x0000000008005378                . = ALIGN (0x4)

.init_array     0x0000000008005378        0x4
                0x0000000008005378                . = ALIGN (0x4)
                0x0000000008005378                PROVIDE (__init_array_start = .)
 *(SORT_BY_NAME(.init_array.*))
 *(.init_array*)
 .init_array    0x0000000008005378        0x4 c:/st/stm32cubeide_1.10.1/stm32cubeide/plugins/com.st.stm32cube.ide.mcu.externaltools.gnu-tools-for-stm32.10.3-2021.10.win32_1.0.200.202301161003/tools/bin/../lib/gcc/arm-none-eabi/10.3.1/thumb/v7-m/nofp/crtbegin.o
                0x000000000800537c                PROVIDE (__init_array_end = .)
                0x000000000800537c                . = ALIGN (0x4)

.fini_array     0x000000000800537c        0x4
                0x000000000800537c                . = ALIGN (0x4)
                [!provide]                        PROVIDE (__fini_array_start = .)
 *(SORT_BY_NAME(.fini_array.*))
 *(.fini_array*)
 .fini_array    0x000000000800537c        0x4 c:/st/stm32cubeide_1.10.1/stm32cubeide/plugins/com.st.stm32cube.ide.mcu.externaltools.gnu-tools-for-stm32.10.3-2021.10.win32_1.0.200.202301161003/tools/bin/../lib/gcc/arm-none-eabi/10.3.1/thumb/v7-m/nofp/crtbegin.o
                [!provide]                        PROVIDE (__fini_array_end = .)
                0x0000000008005380                . = ALIGN (0x4)
                0x0000000008005380                _sidata = LOADADDR (.data)

.data           0x0000000020000000       0xd4 load address 0x0000000008005380
                0x0000000020000000                . = ALIGN (0x4)
                0x0000000020000000                _sdata = .
 *(.data)
 *(.data*)
 .data.gWIZNETINFO
                0x0000000020000000       0x17 ./Core/Src/main.o
                0x0000000020000000                gWIZNETINFO
 *fill*         0x0000000020000017        0x1 
 .data.SystemCoreClock
                0x0000000020000018        0x4 ./Core/Src/system_stm32f1xx.o
                0x0000000020000018                SystemCoreClock
 .data.HOST_NAME
                0x000000002000001c        0x8 ./Core/W5500/dhcp.o
                0x000000002000001c                HOST_NAME
 .data.dhcp_ip_assign
                0x0000000020000024        0x4 ./Core/W5500/dhcp.o
                0x0000000020000024                dhcp_ip_assign
 .data.dhcp_ip_conflict
                0x0000000020000028        0x4 ./Core/W5500/dhcp.o
                0x0000000020000028                dhcp_ip_conflict
 .data.dhcp_ip_update
                0x000000002000002c        0x4 ./Core/W5500/dhcp.o
                0x000000002000002c                dhcp_ip_update
 .data.dhcp_lease_time
                0x0000000020000030        0x4 ./Core/W5500/dhcp.o
                0x0000000020000030                dhcp_lease_time
 .data.dhcp_tick_next
                0x0000000020000034        0x4 ./Core/W5500/dhcp.o
                0x0000000020000034                dhcp_tick_next
 .data.sock_any_port
                0x0000000020000038        0x2 ./Core/W5500/socket.o
 *fill*         0x000000002000003a        0x2 
 .data.WIZCHIP  0x000000002000003c       0x2c ./Core/W5500/wizchip_conf.o
                0x000000002000003c                WIZCHIP
 .data.uwTickFreq
                0x0000000020000068        0x1 ./Drivers/STM32F1xx_HAL_Driver/Src/stm32f1xx_hal.o
                0x0000000020000068                uwTickFreq
 *fill*         0x0000000020000069        0x3 
 .data.uwTickPrio
                0x000000002000006c        0x4 ./Drivers/STM32F1xx_HAL_Driver/Src/stm32f1xx_hal.o
                0x000000002000006c                uwTickPrio
 .data._impure_ptr
                0x0000000020000070        0x4 c:/st/stm32cubeide_1.10.1/stm32cubeide/plugins/com.st.stm32cube.ide.mcu.externaltools.gnu-tools-for-stm32.10.3-2021.10.win32_1.0.200.202301161003/tools/bin/../lib/gcc/arm-none-eabi/10.3.1/../../../../arm-none-eabi/lib/thumb/v7-m/nofp\libc_nano.a(lib_a-impure.o)
                0x0000000020000070                _impure_ptr
 .data.impure_data
                0x0000000020000074       0x60 c:/st/stm32cubeide_1.10.1/stm32cubeide/plugins/com.st.stm32cube.ide.mcu.externaltools.gnu-tools-for-stm32.10.3-2021.10.win32_1.0.200.202301161003/tools/bin/../lib/gcc/arm-none-eabi/10.3.1/../../../../arm-none-eabi/lib/thumb/v7-m/nofp\libc_nano.a(lib_a-impure.o)
 *(.RamFunc)
 *(.RamFunc*)
                0x00000000200000d4                . = ALIGN (0x4)
                0x00000000200000d4                _edata = .

.igot.plt       0x00000000200000d4        0x0 load address 0x0000000008005454
 .igot.plt      0x00000000200000d4        0x0 c:/st/stm32cubeide_1.10.1/stm32cubeide/plugins/com.st.stm32cube.ide.mcu.externaltools.gnu-tools-for-stm32.10.3-2021.10.win32_1.0.200.202301161003/tools/bin/../lib/gcc/arm-none-eabi/10.3.1/thumb/v7-m/nofp/crtbegin.o
                0x00000000200000d4                . = ALIGN (0x4)

.bss            0x00000000200000d8      0x520 load address 0x0000000008005454
                0x00000000200000d8                _sbss = .
                0x00000000200000d8                __bss_start__ = _sbss
 *(.bss)
 .bss           0x00000000200000d8       0x1c c:/st/stm32cubeide_1.10.1/stm32cubeide/plugins/com.st.stm32cube.ide.mcu.externaltools.gnu-tools-for-stm32.10.3-2021.10.win32_1.0.200.202301161003/tools/bin/../lib/gcc/arm-none-eabi/10.3.1/thumb/v7-m/nofp/crtbegin.o
 *(.bss*)
 .bss.gDHCPBUF  0x00000000200000f4      0x224 ./Core/Src/main.o
                0x00000000200000f4                gDHCPBUF
 .bss.gDNSBUF   0x0000000020000318      0x100 ./Core/Src/main.o
                0x0000000020000318                gDNSBUF
 .bss.gSNTPBUF  0x0000000020000418       0x38 ./Core/Src/main.o
                0x0000000020000418                gSNTPBUF
 .bss.hspi1     0x0000000020000450       0x58 ./Core/Src/main.o
                0x0000000020000450                hspi1
 .bss.huart2    0x00000000200004a8       0x48 ./Core/Src/main.o
                0x00000000200004a8                huart2
 .bss.my_dhcp_retry
                0x00000000200004f0        0x1 ./Core/Src/main.o
                0x00000000200004f0                my_dhcp_retry
 *fill*         0x00000000200004f1        0x1 
 .bss.time      0x00000000200004f2        0x8 ./Core/Src/main.o
                0x00000000200004f2                time
 *fill*         0x00000000200004fa        0x2 
 .bss.mstick.0  0x00000000200004fc        0x4 ./Core/Src/stm32f1xx_it.o
 .bss.__sbrk_heap_end
                0x0000000020000500        0x4 ./Core/Src/sysmem.o
 .bss.DHCP_CHADDR
                0x0000000020000504        0x6 ./Core/W5500/dhcp.o
                0x0000000020000504                DHCP_CHADDR
 .bss.DHCP_REAL_SIP
                0x000000002000050a        0x4 ./Core/W5500/dhcp.o
                0x000000002000050a                DHCP_REAL_SIP
 .bss.DHCP_SIP  0x000000002000050e        0x4 ./Core/W5500/dhcp.o
                0x000000002000050e                DHCP_SIP
 .bss.DHCP_SOCKET
                0x0000000020000512        0x1 ./Core/W5500/dhcp.o
                0x0000000020000512                DHCP_SOCKET
 *fill*         0x0000000020000513        0x1 
 .bss.DHCP_XID  0x0000000020000514        0x4 ./Core/W5500/dhcp.o
                0x0000000020000514                DHCP_XID
 .bss.DHCP_allocated_dns
                0x0000000020000518        0x4 ./Core/W5500/dhcp.o
                0x0000000020000518                DHCP_allocated_dns
 .bss.DHCP_allocated_gw
                0x000000002000051c        0x4 ./Core/W5500/dhcp.o
                0x000000002000051c                DHCP_allocated_gw
 .bss.DHCP_allocated_ip
                0x0000000020000520        0x4 ./Core/W5500/dhcp.o
                0x0000000020000520                DHCP_allocated_ip
 .bss.DHCP_allocated_sn
                0x0000000020000524        0x4 ./Core/W5500/dhcp.o
                0x0000000020000524                DHCP_allocated_sn
 .bss.OLD_allocated_ip
                0x0000000020000528        0x4 ./Core/W5500/dhcp.o
                0x0000000020000528                OLD_allocated_ip
 .bss.dhcp_retry_count
                0x000000002000052c        0x1 ./Core/W5500/dhcp.o
                0x000000002000052c                dhcp_retry_count
 .bss.dhcp_state
                0x000000002000052d        0x1 ./Core/W5500/dhcp.o
                0x000000002000052d                dhcp_state
 *fill*         0x000000002000052e        0x2 
 .bss.dhcp_tick_1s
                0x0000000020000530        0x4 ./Core/W5500/dhcp.o
                0x0000000020000530                dhcp_tick_1s
 .bss.pDHCPMSG  0x0000000020000534        0x4 ./Core/W5500/dhcp.o
                0x0000000020000534                pDHCPMSG
 .bss.DNS_MSGID
                0x0000000020000538        0x2 ./Core/W5500/dns.o
                0x0000000020000538                DNS_MSGID
 .bss.DNS_SOCKET
                0x000000002000053a        0x1 ./Core/W5500/dns.o
                0x000000002000053a                DNS_SOCKET
 *fill*         0x000000002000053b        0x1 
 .bss.dns_1s_tick
                0x000000002000053c        0x4 ./Core/W5500/dns.o
                0x000000002000053c                dns_1s_tick
 .bss.pDNSMSG   0x0000000020000540        0x4 ./Core/W5500/dns.o
                0x0000000020000540                pDNSMSG
 .bss.retry_count
                0x0000000020000544        0x1 ./Core/W5500/dns.o
 .bss.NTP_SOCKET
                0x0000000020000545        0x1 ./Core/W5500/sntp.o
                0x0000000020000545                NTP_SOCKET
 *fill*         0x0000000020000546        0x2 
 .bss.NTPformat
                0x0000000020000548       0x38 ./Core/W5500/sntp.o
                0x0000000020000548                NTPformat
 .bss.Nowdatetime
                0x0000000020000580        0x8 ./Core/W5500/sntp.o
                0x0000000020000580                Nowdatetime
 .bss.data_buf  0x0000000020000588        0x4 ./Core/W5500/sntp.o
                0x0000000020000588                data_buf
 .bss.ntp_retry_cnt
                0x000000002000058c        0x2 ./Core/W5500/sntp.o
                0x000000002000058c                ntp_retry_cnt
 .bss.ntpmessage
                0x000000002000058e       0x30 ./Core/W5500/sntp.o
                0x000000002000058e                ntpmessage
 .bss.time_zone
                0x00000000200005be        0x1 ./Core/W5500/sntp.o
                0x00000000200005be                time_zone
 *fill*         0x00000000200005bf        0x1 
 .bss.sock_io_mode
                0x00000000200005c0        0x2 ./Core/W5500/socket.o
 .bss.sock_is_sending
                0x00000000200005c2        0x2 ./Core/W5500/socket.o
 .bss.sock_pack_info
                0x00000000200005c4        0x8 ./Core/W5500/socket.o
                0x00000000200005c4                sock_pack_info
 .bss.sock_remained_size
                0x00000000200005cc       0x10 ./Core/W5500/socket.o
 .bss._DHCP_    0x00000000200005dc        0x1 ./Core/W5500/wizchip_conf.o
 .bss._DNS_     0x00000000200005dd        0x4 ./Core/W5500/wizchip_conf.o
 *fill*         0x00000000200005e1        0x3 
 .bss.uwTick    0x00000000200005e4        0x4 ./Drivers/STM32F1xx_HAL_Driver/Src/stm32f1xx_hal.o
                0x00000000200005e4                uwTick
 .bss.__lock___malloc_recursive_mutex
                0x00000000200005e8        0x1 c:/st/stm32cubeide_1.10.1/stm32cubeide/plugins/com.st.stm32cube.ide.mcu.externaltools.gnu-tools-for-stm32.10.3-2021.10.win32_1.0.200.202301161003/tools/bin/../lib/gcc/arm-none-eabi/10.3.1/../../../../arm-none-eabi/lib/thumb/v7-m/nofp\libc_nano.a(lib_a-lock.o)
                0x00000000200005e8                __lock___malloc_recursive_mutex
 .bss.__lock___sfp_recursive_mutex
                0x00000000200005e9        0x1 c:/st/stm32cubeide_1.10.1/stm32cubeide/plugins/com.st.stm32cube.ide.mcu.externaltools.gnu-tools-for-stm32.10.3-2021.10.win32_1.0.200.202301161003/tools/bin/../lib/gcc/arm-none-eabi/10.3.1/../../../../arm-none-eabi/lib/thumb/v7-m/nofp\libc_nano.a(lib_a-lock.o)
                0x00000000200005e9                __lock___sfp_recursive_mutex
 .bss.__lock___sinit_recursive_mutex
                0x00000000200005ea        0x1 c:/st/stm32cubeide_1.10.1/stm32cubeide/plugins/com.st.stm32cube.ide.mcu.externaltools.gnu-tools-for-stm32.10.3-2021.10.win32_1.0.200.202301161003/tools/bin/../lib/gcc/arm-none-eabi/10.3.1/../../../../arm-none-eabi/lib/thumb/v7-m/nofp\libc_nano.a(lib_a-lock.o)
                0x00000000200005ea                __lock___sinit_recursive_mutex
 *fill*         0x00000000200005eb        0x1 
 .bss.__malloc_free_list
                0x00000000200005ec        0x4 c:/st/stm32cubeide_1.10.1/stm32cubeide/plugins/com.st.stm32cube.ide.mcu.externaltools.gnu-tools-for-stm32.10.3-2021.10.win32_1.0.200.202301161003/tools/bin/../lib/gcc/arm-none-eabi/10.3.1/../../../../arm-none-eabi/lib/thumb/v7-m/nofp\libc_nano.a(lib_a-nano-mallocr.o)
                0x00000000200005ec                __malloc_free_list
 .bss.__malloc_sbrk_start
                0x00000000200005f0        0x4 c:/st/stm32cubeide_1.10.1/stm32cubeide/plugins/com.st.stm32cube.ide.mcu.externaltools.gnu-tools-for-stm32.10.3-2021.10.win32_1.0.200.202301161003/tools/bin/../lib/gcc/arm-none-eabi/10.3.1/../../../../arm-none-eabi/lib/thumb/v7-m/nofp\libc_nano.a(lib_a-nano-mallocr.o)
                0x00000000200005f0                __malloc_sbrk_start
 .bss.errno     0x00000000200005f4        0x4 c:/st/stm32cubeide_1.10.1/stm32cubeide/plugins/com.st.stm32cube.ide.mcu.externaltools.gnu-tools-for-stm32.10.3-2021.10.win32_1.0.200.202301161003/tools/bin/../lib/gcc/arm-none-eabi/10.3.1/../../../../arm-none-eabi/lib/thumb/v7-m/nofp\libc_nano.a(lib_a-reent.o)
                0x00000000200005f4                errno
 *(COMMON)
                0x00000000200005f8                . = ALIGN (0x4)
                0x00000000200005f8                _ebss = .
                0x00000000200005f8                __bss_end__ = _ebss

._user_heap_stack
                0x00000000200005f8      0x600 load address 0x0000000008005454
                0x00000000200005f8                . = ALIGN (0x8)
                [!provide]                        PROVIDE (end = .)
                0x00000000200005f8                PROVIDE (_end = .)
                0x00000000200007f8                . = (. + _Min_Heap_Size)
 *fill*         0x00000000200005f8      0x200 
                0x0000000020000bf8                . = (. + _Min_Stack_Size)
 *fill*         0x00000000200007f8      0x400 
                0x0000000020000bf8                . = ALIGN (0x8)

/DISCARD/
 libc.a(*)
 libm.a(*)
 libgcc.a(*)

.ARM.attributes
                0x0000000000000000       0x29
 *(.ARM.attributes)
 .ARM.attributes
                0x0000000000000000       0x1d c:/st/stm32cubeide_1.10.1/stm32cubeide/plugins/com.st.stm32cube.ide.mcu.externaltools.gnu-tools-for-stm32.10.3-2021.10.win32_1.0.200.202301161003/tools/bin/../lib/gcc/arm-none-eabi/10.3.1/thumb/v7-m/nofp/crti.o
 .ARM.attributes
                0x000000000000001d       0x2d c:/st/stm32cubeide_1.10.1/stm32cubeide/plugins/com.st.stm32cube.ide.mcu.externaltools.gnu-tools-for-stm32.10.3-2021.10.win32_1.0.200.202301161003/tools/bin/../lib/gcc/arm-none-eabi/10.3.1/thumb/v7-m/nofp/crtbegin.o
 .ARM.attributes
                0x000000000000004a       0x2d ./Core/Src/main.o
 .ARM.attributes
                0x0000000000000077       0x2d ./Core/Src/stm32f1xx_hal_msp.o
 .ARM.attributes
                0x00000000000000a4       0x2d ./Core/Src/stm32f1xx_it.o
 .ARM.attributes
                0x00000000000000d1       0x2d ./Core/Src/syscalls.o
 .ARM.attributes
                0x00000000000000fe       0x2d ./Core/Src/sysmem.o
 .ARM.attributes
                0x000000000000012b       0x2d ./Core/Src/system_stm32f1xx.o
 .ARM.attributes
                0x0000000000000158       0x21 ./Core/Startup/startup_stm32f103c6tx.o
 .ARM.attributes
                0x0000000000000179       0x2d ./Core/W5500/W5500/w5500.o
 .ARM.attributes
                0x00000000000001a6       0x2d ./Core/W5500/W5500_SPI.o
 .ARM.attributes
                0x00000000000001d3       0x2d ./Core/W5500/dhcp.o
 .ARM.attributes
                0x0000000000000200       0x2d ./Core/W5500/dns.o
 .ARM.attributes
                0x000000000000022d       0x2d ./Core/W5500/sntp.o
 .ARM.attributes
                0x000000000000025a       0x2d ./Core/W5500/socket.o
 .ARM.attributes
                0x0000000000000287       0x2d ./Core/W5500/wizchip_conf.o
 .ARM.attributes
                0x00000000000002b4       0x2d ./Drivers/STM32F1xx_HAL_Driver/Src/stm32f1xx_hal.o
 .ARM.attributes
                0x00000000000002e1       0x2d ./Drivers/STM32F1xx_HAL_Driver/Src/stm32f1xx_hal_cortex.o
 .ARM.attributes
                0x000000000000030e       0x2d ./Drivers/STM32F1xx_HAL_Driver/Src/stm32f1xx_hal_gpio.o
 .ARM.attributes
                0x000000000000033b       0x2d ./Drivers/STM32F1xx_HAL_Driver/Src/stm32f1xx_hal_rcc.o
 .ARM.attributes
                0x0000000000000368       0x2d ./Drivers/STM32F1xx_HAL_Driver/Src/stm32f1xx_hal_spi.o
 .ARM.attributes
                0x0000000000000395       0x2d ./Drivers/STM32F1xx_HAL_Driver/Src/stm32f1xx_hal_uart.o
 .ARM.attributes
                0x00000000000003c2       0x2d c:/st/stm32cubeide_1.10.1/stm32cubeide/plugins/com.st.stm32cube.ide.mcu.externaltools.gnu-tools-for-stm32.10.3-2021.10.win32_1.0.200.202301161003/tools/bin/../lib/gcc/arm-none-eabi/10.3.1/../../../../arm-none-eabi/lib/thumb/v7-m/nofp\libc_nano.a(lib_a-errno.o)
 .ARM.attributes
                0x00000000000003ef       0x2d c:/st/stm32cubeide_1.10.1/stm32cubeide/plugins/com.st.stm32cube.ide.mcu.externaltools.gnu-tools-for-stm32.10.3-2021.10.win32_1.0.200.202301161003/tools/bin/../lib/gcc/arm-none-eabi/10.3.1/../../../../arm-none-eabi/lib/thumb/v7-m/nofp\libc_nano.a(lib_a-impure.o)
 .ARM.attributes
                0x000000000000041c       0x2d c:/st/stm32cubeide_1.10.1/stm32cubeide/plugins/com.st.stm32cube.ide.mcu.externaltools.gnu-tools-for-stm32.10.3-2021.10.win32_1.0.200.202301161003/tools/bin/../lib/gcc/arm-none-eabi/10.3.1/../../../../arm-none-eabi/lib/thumb/v7-m/nofp\libc_nano.a(lib_a-init.o)
 .ARM.attributes
                0x0000000000000449       0x2d c:/st/stm32cubeide_1.10.1/stm32cubeide/plugins/com.st.stm32cube.ide.mcu.externaltools.gnu-tools-for-stm32.10.3-2021.10.win32_1.0.200.202301161003/tools/bin/../lib/gcc/arm-none-eabi/10.3.1/../../../../arm-none-eabi/lib/thumb/v7-m/nofp\libc_nano.a(lib_a-memset.o)
 .ARM.attributes
                0x0000000000000476       0x2d c:/st/stm32cubeide_1.10.1/stm32cubeide/plugins/com.st.stm32cube.ide.mcu.externaltools.gnu-tools-for-stm32.10.3-2021.10.win32_1.0.200.202301161003/tools/bin/../lib/gcc/arm-none-eabi/10.3.1/../../../../arm-none-eabi/lib/thumb/v7-m/nofp\libc_nano.a(lib_a-printf.o)
 .ARM.attributes
                0x00000000000004a3       0x2d c:/st/stm32cubeide_1.10.1/stm32cubeide/plugins/com.st.stm32cube.ide.mcu.externaltools.gnu-tools-for-stm32.10.3-2021.10.win32_1.0.200.202301161003/tools/bin/../lib/gcc/arm-none-eabi/10.3.1/../../../../arm-none-eabi/lib/thumb/v7-m/nofp\libc_nano.a(lib_a-puts.o)
 .ARM.attributes
                0x00000000000004d0       0x2d c:/st/stm32cubeide_1.10.1/stm32cubeide/plugins/com.st.stm32cube.ide.mcu.externaltools.gnu-tools-for-stm32.10.3-2021.10.win32_1.0.200.202301161003/tools/bin/../lib/gcc/arm-none-eabi/10.3.1/../../../../arm-none-eabi/lib/thumb/v7-m/nofp\libc_nano.a(lib_a-setbuf.o)
 .ARM.attributes
                0x00000000000004fd       0x2d c:/st/stm32cubeide_1.10.1/stm32cubeide/plugins/com.st.stm32cube.ide.mcu.externaltools.gnu-tools-for-stm32.10.3-2021.10.win32_1.0.200.202301161003/tools/bin/../lib/gcc/arm-none-eabi/10.3.1/../../../../arm-none-eabi/lib/thumb/v7-m/nofp\libc_nano.a(lib_a-setvbuf.o)
 .ARM.attributes
                0x000000000000052a       0x2d c:/st/stm32cubeide_1.10.1/stm32cubeide/plugins/com.st.stm32cube.ide.mcu.externaltools.gnu-tools-for-stm32.10.3-2021.10.win32_1.0.200.202301161003/tools/bin/../lib/gcc/arm-none-eabi/10.3.1/../../../../arm-none-eabi/lib/thumb/v7-m/nofp\libc_nano.a(lib_a-strchr.o)
 .ARM.attributes
                0x0000000000000557       0x2d c:/st/stm32cubeide_1.10.1/stm32cubeide/plugins/com.st.stm32cube.ide.mcu.externaltools.gnu-tools-for-stm32.10.3-2021.10.win32_1.0.200.202301161003/tools/bin/../lib/gcc/arm-none-eabi/10.3.1/../../../../arm-none-eabi/lib/thumb/v7-m/nofp\libc_nano.a(lib_a-strcpy.o)
 .ARM.attributes
                0x0000000000000584       0x17 c:/st/stm32cubeide_1.10.1/stm32cubeide/plugins/com.st.stm32cube.ide.mcu.externaltools.gnu-tools-for-stm32.10.3-2021.10.win32_1.0.200.202301161003/tools/bin/../lib/gcc/arm-none-eabi/10.3.1/../../../../arm-none-eabi/lib/thumb/v7-m/nofp\libc_nano.a(lib_a-strlen.o)
 .ARM.attributes
                0x000000000000059b       0x2d c:/st/stm32cubeide_1.10.1/stm32cubeide/plugins/com.st.stm32cube.ide.mcu.externaltools.gnu-tools-for-stm32.10.3-2021.10.win32_1.0.200.202301161003/tools/bin/../lib/gcc/arm-none-eabi/10.3.1/../../../../arm-none-eabi/lib/thumb/v7-m/nofp\libc_nano.a(lib_a-strncpy.o)
 .ARM.attributes
                0x00000000000005c8       0x2d c:/st/stm32cubeide_1.10.1/stm32cubeide/plugins/com.st.stm32cube.ide.mcu.externaltools.gnu-tools-for-stm32.10.3-2021.10.win32_1.0.200.202301161003/tools/bin/../lib/gcc/arm-none-eabi/10.3.1/../../../../arm-none-eabi/lib/thumb/v7-m/nofp\libc_nano.a(lib_a-wbuf.o)
 .ARM.attributes
                0x00000000000005f5       0x2d c:/st/stm32cubeide_1.10.1/stm32cubeide/plugins/com.st.stm32cube.ide.mcu.externaltools.gnu-tools-for-stm32.10.3-2021.10.win32_1.0.200.202301161003/tools/bin/../lib/gcc/arm-none-eabi/10.3.1/../../../../arm-none-eabi/lib/thumb/v7-m/nofp\libc_nano.a(lib_a-wsetup.o)
 .ARM.attributes
                0x0000000000000622       0x2d c:/st/stm32cubeide_1.10.1/stm32cubeide/plugins/com.st.stm32cube.ide.mcu.externaltools.gnu-tools-for-stm32.10.3-2021.10.win32_1.0.200.202301161003/tools/bin/../lib/gcc/arm-none-eabi/10.3.1/../../../../arm-none-eabi/lib/thumb/v7-m/nofp\libc_nano.a(lib_a-fflush.o)
 .ARM.attributes
                0x000000000000064f       0x2d c:/st/stm32cubeide_1.10.1/stm32cubeide/plugins/com.st.stm32cube.ide.mcu.externaltools.gnu-tools-for-stm32.10.3-2021.10.win32_1.0.200.202301161003/tools/bin/../lib/gcc/arm-none-eabi/10.3.1/../../../../arm-none-eabi/lib/thumb/v7-m/nofp\libc_nano.a(lib_a-findfp.o)
 .ARM.attributes
                0x000000000000067c       0x2d c:/st/stm32cubeide_1.10.1/stm32cubeide/plugins/com.st.stm32cube.ide.mcu.externaltools.gnu-tools-for-stm32.10.3-2021.10.win32_1.0.200.202301161003/tools/bin/../lib/gcc/arm-none-eabi/10.3.1/../../../../arm-none-eabi/lib/thumb/v7-m/nofp\libc_nano.a(lib_a-fwalk.o)
 .ARM.attributes
                0x00000000000006a9       0x2d c:/st/stm32cubeide_1.10.1/stm32cubeide/plugins/com.st.stm32cube.ide.mcu.externaltools.gnu-tools-for-stm32.10.3-2021.10.win32_1.0.200.202301161003/tools/bin/../lib/gcc/arm-none-eabi/10.3.1/../../../../arm-none-eabi/lib/thumb/v7-m/nofp\libc_nano.a(lib_a-lock.o)
 .ARM.attributes
                0x00000000000006d6       0x2d c:/st/stm32cubeide_1.10.1/stm32cubeide/plugins/com.st.stm32cube.ide.mcu.externaltools.gnu-tools-for-stm32.10.3-2021.10.win32_1.0.200.202301161003/tools/bin/../lib/gcc/arm-none-eabi/10.3.1/../../../../arm-none-eabi/lib/thumb/v7-m/nofp\libc_nano.a(lib_a-makebuf.o)
 .ARM.attributes
                0x0000000000000703       0x2d c:/st/stm32cubeide_1.10.1/stm32cubeide/plugins/com.st.stm32cube.ide.mcu.externaltools.gnu-tools-for-stm32.10.3-2021.10.win32_1.0.200.202301161003/tools/bin/../lib/gcc/arm-none-eabi/10.3.1/../../../../arm-none-eabi/lib/thumb/v7-m/nofp\libc_nano.a(lib_a-malloc.o)
 .ARM.attributes
                0x0000000000000730       0x2d c:/st/stm32cubeide_1.10.1/stm32cubeide/plugins/com.st.stm32cube.ide.mcu.externaltools.gnu-tools-for-stm32.10.3-2021.10.win32_1.0.200.202301161003/tools/bin/../lib/gcc/arm-none-eabi/10.3.1/../../../../arm-none-eabi/lib/thumb/v7-m/nofp\libc_nano.a(lib_a-nano-freer.o)
 .ARM.attributes
                0x000000000000075d       0x2d c:/st/stm32cubeide_1.10.1/stm32cubeide/plugins/com.st.stm32cube.ide.mcu.externaltools.gnu-tools-for-stm32.10.3-2021.10.win32_1.0.200.202301161003/tools/bin/../lib/gcc/arm-none-eabi/10.3.1/../../../../arm-none-eabi/lib/thumb/v7-m/nofp\libc_nano.a(lib_a-nano-mallocr.o)
 .ARM.attributes
                0x000000000000078a       0x2d c:/st/stm32cubeide_1.10.1/stm32cubeide/plugins/com.st.stm32cube.ide.mcu.externaltools.gnu-tools-for-stm32.10.3-2021.10.win32_1.0.200.202301161003/tools/bin/../lib/gcc/arm-none-eabi/10.3.1/../../../../arm-none-eabi/lib/thumb/v7-m/nofp\libc_nano.a(lib_a-nano-vfprintf.o)
 .ARM.attributes
                0x00000000000007b7       0x2d c:/st/stm32cubeide_1.10.1/stm32cubeide/plugins/com.st.stm32cube.ide.mcu.externaltools.gnu-tools-for-stm32.10.3-2021.10.win32_1.0.200.202301161003/tools/bin/../lib/gcc/arm-none-eabi/10.3.1/../../../../arm-none-eabi/lib/thumb/v7-m/nofp\libc_nano.a(lib_a-nano-vfprintf_i.o)
 .ARM.attributes
                0x00000000000007e4       0x2d c:/st/stm32cubeide_1.10.1/stm32cubeide/plugins/com.st.stm32cube.ide.mcu.externaltools.gnu-tools-for-stm32.10.3-2021.10.win32_1.0.200.202301161003/tools/bin/../lib/gcc/arm-none-eabi/10.3.1/../../../../arm-none-eabi/lib/thumb/v7-m/nofp\libc_nano.a(lib_a-sbrkr.o)
 .ARM.attributes
                0x0000000000000811       0x2d c:/st/stm32cubeide_1.10.1/stm32cubeide/plugins/com.st.stm32cube.ide.mcu.externaltools.gnu-tools-for-stm32.10.3-2021.10.win32_1.0.200.202301161003/tools/bin/../lib/gcc/arm-none-eabi/10.3.1/../../../../arm-none-eabi/lib/thumb/v7-m/nofp\libc_nano.a(lib_a-stdio.o)
 .ARM.attributes
                0x000000000000083e       0x2d c:/st/stm32cubeide_1.10.1/stm32cubeide/plugins/com.st.stm32cube.ide.mcu.externaltools.gnu-tools-for-stm32.10.3-2021.10.win32_1.0.200.202301161003/tools/bin/../lib/gcc/arm-none-eabi/10.3.1/../../../../arm-none-eabi/lib/thumb/v7-m/nofp\libc_nano.a(lib_a-writer.o)
 .ARM.attributes
                0x000000000000086b       0x2d c:/st/stm32cubeide_1.10.1/stm32cubeide/plugins/com.st.stm32cube.ide.mcu.externaltools.gnu-tools-for-stm32.10.3-2021.10.win32_1.0.200.202301161003/tools/bin/../lib/gcc/arm-none-eabi/10.3.1/../../../../arm-none-eabi/lib/thumb/v7-m/nofp\libc_nano.a(lib_a-closer.o)
 .ARM.attributes
                0x0000000000000898       0x2d c:/st/stm32cubeide_1.10.1/stm32cubeide/plugins/com.st.stm32cube.ide.mcu.externaltools.gnu-tools-for-stm32.10.3-2021.10.win32_1.0.200.202301161003/tools/bin/../lib/gcc/arm-none-eabi/10.3.1/../../../../arm-none-eabi/lib/thumb/v7-m/nofp\libc_nano.a(lib_a-fstatr.o)
 .ARM.attributes
                0x00000000000008c5       0x2d c:/st/stm32cubeide_1.10.1/stm32cubeide/plugins/com.st.stm32cube.ide.mcu.externaltools.gnu-tools-for-stm32.10.3-2021.10.win32_1.0.200.202301161003/tools/bin/../lib/gcc/arm-none-eabi/10.3.1/../../../../arm-none-eabi/lib/thumb/v7-m/nofp\libc_nano.a(lib_a-isattyr.o)
 .ARM.attributes
                0x00000000000008f2       0x2d c:/st/stm32cubeide_1.10.1/stm32cubeide/plugins/com.st.stm32cube.ide.mcu.externaltools.gnu-tools-for-stm32.10.3-2021.10.win32_1.0.200.202301161003/tools/bin/../lib/gcc/arm-none-eabi/10.3.1/../../../../arm-none-eabi/lib/thumb/v7-m/nofp\libc_nano.a(lib_a-lseekr.o)
 .ARM.attributes
                0x000000000000091f       0x2d c:/st/stm32cubeide_1.10.1/stm32cubeide/plugins/com.st.stm32cube.ide.mcu.externaltools.gnu-tools-for-stm32.10.3-2021.10.win32_1.0.200.202301161003/tools/bin/../lib/gcc/arm-none-eabi/10.3.1/../../../../arm-none-eabi/lib/thumb/v7-m/nofp\libc_nano.a(lib_a-memchr-stub.o)
 .ARM.attributes
                0x000000000000094c       0x2d c:/st/stm32cubeide_1.10.1/stm32cubeide/plugins/com.st.stm32cube.ide.mcu.externaltools.gnu-tools-for-stm32.10.3-2021.10.win32_1.0.200.202301161003/tools/bin/../lib/gcc/arm-none-eabi/10.3.1/../../../../arm-none-eabi/lib/thumb/v7-m/nofp\libc_nano.a(lib_a-mlock.o)
 .ARM.attributes
                0x0000000000000979       0x2d c:/st/stm32cubeide_1.10.1/stm32cubeide/plugins/com.st.stm32cube.ide.mcu.externaltools.gnu-tools-for-stm32.10.3-2021.10.win32_1.0.200.202301161003/tools/bin/../lib/gcc/arm-none-eabi/10.3.1/../../../../arm-none-eabi/lib/thumb/v7-m/nofp\libc_nano.a(lib_a-readr.o)
 .ARM.attributes
                0x00000000000009a6       0x2d c:/st/stm32cubeide_1.10.1/stm32cubeide/plugins/com.st.stm32cube.ide.mcu.externaltools.gnu-tools-for-stm32.10.3-2021.10.win32_1.0.200.202301161003/tools/bin/../lib/gcc/arm-none-eabi/10.3.1/../../../../arm-none-eabi/lib/thumb/v7-m/nofp\libc_nano.a(lib_a-reent.o)
 .ARM.attributes
                0x00000000000009d3       0x1d c:/st/stm32cubeide_1.10.1/stm32cubeide/plugins/com.st.stm32cube.ide.mcu.externaltools.gnu-tools-for-stm32.10.3-2021.10.win32_1.0.200.202301161003/tools/bin/../lib/gcc/arm-none-eabi/10.3.1/thumb/v7-m/nofp\libgcc.a(_aeabi_uldivmod.o)
 .ARM.attributes
                0x00000000000009f0       0x2d c:/st/stm32cubeide_1.10.1/stm32cubeide/plugins/com.st.stm32cube.ide.mcu.externaltools.gnu-tools-for-stm32.10.3-2021.10.win32_1.0.200.202301161003/tools/bin/../lib/gcc/arm-none-eabi/10.3.1/thumb/v7-m/nofp\libgcc.a(_udivmoddi4.o)
 .ARM.attributes
                0x0000000000000a1d       0x1d c:/st/stm32cubeide_1.10.1/stm32cubeide/plugins/com.st.stm32cube.ide.mcu.externaltools.gnu-tools-for-stm32.10.3-2021.10.win32_1.0.200.202301161003/tools/bin/../lib/gcc/arm-none-eabi/10.3.1/thumb/v7-m/nofp\libgcc.a(_dvmd_tls.o)
 .ARM.attributes
                0x0000000000000a3a       0x1d c:/st/stm32cubeide_1.10.1/stm32cubeide/plugins/com.st.stm32cube.ide.mcu.externaltools.gnu-tools-for-stm32.10.3-2021.10.win32_1.0.200.202301161003/tools/bin/../lib/gcc/arm-none-eabi/10.3.1/thumb/v7-m/nofp/crtn.o
OUTPUT(DHCP_DNS_SNTP_STM32C6T6_WIZ5500.elf elf32-littlearm)
LOAD linker stubs
LOAD c:/st/stm32cubeide_1.10.1/stm32cubeide/plugins/com.st.stm32cube.ide.mcu.externaltools.gnu-tools-for-stm32.10.3-2021.10.win32_1.0.200.202301161003/tools/bin/../lib/gcc/arm-none-eabi/10.3.1/../../../../arm-none-eabi/lib/thumb/v7-m/nofp\libc.a
LOAD c:/st/stm32cubeide_1.10.1/stm32cubeide/plugins/com.st.stm32cube.ide.mcu.externaltools.gnu-tools-for-stm32.10.3-2021.10.win32_1.0.200.202301161003/tools/bin/../lib/gcc/arm-none-eabi/10.3.1/../../../../arm-none-eabi/lib/thumb/v7-m/nofp\libm.a
LOAD c:/st/stm32cubeide_1.10.1/stm32cubeide/plugins/com.st.stm32cube.ide.mcu.externaltools.gnu-tools-for-stm32.10.3-2021.10.win32_1.0.200.202301161003/tools/bin/../lib/gcc/arm-none-eabi/10.3.1/thumb/v7-m/nofp\libgcc.a

.debug_info     0x0000000000000000    0x1263b
 .debug_info    0x0000000000000000     0x2140 ./Core/Src/main.o
 .debug_info    0x0000000000002140      0xc64 ./Core/Src/stm32f1xx_hal_msp.o
 .debug_info    0x0000000000002da4      0x16e ./Core/Src/stm32f1xx_it.o
 .debug_info    0x0000000000002f12      0x7ec ./Core/Src/syscalls.o
 .debug_info    0x00000000000036fe      0x17e ./Core/Src/sysmem.o
 .debug_info    0x000000000000387c      0x24c ./Core/Src/system_stm32f1xx.o
 .debug_info    0x0000000000003ac8       0x22 ./Core/Startup/startup_stm32f103c6tx.o
 .debug_info    0x0000000000003aea      0x904 ./Core/W5500/W5500/w5500.o
 .debug_info    0x00000000000043ee      0xc04 ./Core/W5500/W5500_SPI.o
 .debug_info    0x0000000000004ff2     0x1380 ./Core/W5500/dhcp.o
 .debug_info    0x0000000000006372      0xdd7 ./Core/W5500/dns.o
 .debug_info    0x0000000000007149      0x763 ./Core/W5500/sntp.o
 .debug_info    0x00000000000078ac     0x127e ./Core/W5500/socket.o
 .debug_info    0x0000000000008b2a     0x13b1 ./Core/W5500/wizchip_conf.o
 .debug_info    0x0000000000009edb      0x7ea ./Drivers/STM32F1xx_HAL_Driver/Src/stm32f1xx_hal.o
 .debug_info    0x000000000000a6c5      0xd4c ./Drivers/STM32F1xx_HAL_Driver/Src/stm32f1xx_hal_cortex.o
 .debug_info    0x000000000000b411      0x66f ./Drivers/STM32F1xx_HAL_Driver/Src/stm32f1xx_hal_gpio.o
 .debug_info    0x000000000000ba80      0xa8e ./Drivers/STM32F1xx_HAL_Driver/Src/stm32f1xx_hal_rcc.o
 .debug_info    0x000000000000c50e     0x1dce ./Drivers/STM32F1xx_HAL_Driver/Src/stm32f1xx_hal_spi.o