../Core/Src/main.c:524:6:my_ip_conflict	8	static
../Core/Src/main.c:479:13:Display_Net_Conf	32	static
../Core/Src/main.c:505:6:my_ip_assign	8	static
../Core/Src/main.c:107:6:UWriteData	0	static
../Core/Src/main.c:115:5:__io_putchar	8	static
../Core/Src/main.c:121:6:PHYStatusCheck	24	static
../Core/Src/main.c:141:6:PrintPHYConf	16	static
../Core/Src/main.c:343:6:SystemClock_Config	72	static,ignoring_inline_asm
../Core/Src/main.c:189:5:main	120	static,ignoring_inline_asm
../Core/Src/main.c:545:6:Error_Handler	0	static,ignoring_inline_asm
