../Core/W5500/dhcp.c:258:6:default_ip_assign	8	static
../Core/W5500/dhcp.c:266:6:default_ip_update	8	static
../Core/W5500/dhcp.c:276:6:default_ip_conflict	8	static
../Core/W5500/dhcp.c:285:6:reg_dhcp_cbfunc	20	static
../Core/W5500/dhcp.c:296:6:makeDHCPMSG	24	static
../Core/W5500/dhcp.c:527:6:send_DHCP_DECLINE	32	static
../Core/W5500/dhcp.c:587:8:parseDHCPMSG	72	static
../Core/W5500/dhcp.c:837:9:DHCP_stop	8	static
../Core/W5500/dhcp.c:896:8:check_DHCP_leasedIP	24	static
../Core/W5500/dhcp.c:966:6:reset_DHCP_timeout	0	static
../Core/W5500/dhcp.c:931:6:DHCP_init	24	static
../Core/W5500/dhcp.c:973:6:DHCP_time_handler	0	static
../Core/W5500/dhcp.c:978:6:getIPfromDHCP	0	static
../Core/W5500/dhcp.c:986:6:getGWfromDHCP	0	static
../Core/W5500/dhcp.c:994:6:getSNfromDHCP	0	static
../Core/W5500/dhcp.c:1002:6:getDNSfromDHCP	0	static
../Core/W5500/dhcp.c:1010:10:getDHCPLeasetime	0	static
../Core/W5500/dhcp.c:1015:6:NibbleToHex	0	static
../Core/W5500/dhcp.c:355:6:send_DHCP_DISCOVER	48	static
../Core/W5500/dhcp.c:428:6:send_DHCP_REQUEST	48	static
../Core/W5500/dhcp.c:843:9:check_DHCP_timeout	16	static
../Core/W5500/dhcp.c:707:9:DHCP_run	16	static
